
  .   ____          _            __ _ _
 /\\ / ___'_ __ _ _(_)_ __  __ _ \ \ \ \
( ( )\___ | '_ | '_| | '_ \/ _` | \ \ \ \
 \\/  ___)| |_)| | | | | || (_| |  ) ) ) )
  '  |____| .__|_| |_|_| |_\__, | / / / /
 =========|_|==============|___/=/_/_/_/
 :: Spring Boot ::                (v3.2.5)

2025-12-10T16:17:37.472+08:00  INFO 105083 --- [asset-service] [           main] com.shenzhewei.asset.AssetApplication    : Starting AssetApplication using Java 21.0.9 with PID 105083 (/home/ryan/accont-book/microservices/asset-service/target/asset-service-1.0.0-SNAPSHOT.jar started by ryan in /home/ryan/accont-book)
2025-12-10T16:17:37.474+08:00 DEBUG 105083 --- [asset-service] [           main] com.shenzhewei.asset.AssetApplication    : Running with Spring Boot v3.2.5, Spring v6.1.6
2025-12-10T16:17:37.475+08:00  INFO 105083 --- [asset-service] [           main] com.shenzhewei.asset.AssetApplication    : No active profile set, falling back to 1 default profile: "default"
2025-12-10T16:17:38.792+08:00  INFO 105083 --- [asset-service] [           main] o.s.cloud.context.scope.GenericScope     : BeanFactory id=45f0fd52-ef36-32eb-9764-104ac94e5f46
2025-12-10T16:17:39.226+08:00  WARN 105083 --- [asset-service] [           main] trationDelegate$BeanPostProcessorChecker : Bean 'org.springframework.cloud.client.loadbalancer.LoadBalancerAutoConfiguration$LoadBalancerInterceptorConfig' of type [org.springframework.cloud.client.loadbalancer.LoadBalancerAutoConfiguration$LoadBalancerInterceptorConfig] is not eligible for getting processed by all BeanPostProcessors (for example: not eligible for auto-proxying). The currently created BeanPostProcessor [lbRestClientPostProcessor] is declared through a non-static factory method on that class; consider declaring it as static instead.
2025-12-10T16:17:39.234+08:00  WARN 105083 --- [asset-service] [           main] trationDelegate$BeanPostProcessorChecker : Bean 'org.springframework.cloud.loadbalancer.config.BlockingLoadBalancerClientAutoConfiguration' of type [org.springframework.cloud.loadbalancer.config.BlockingLoadBalancerClientAutoConfiguration] is not eligible for getting processed by all BeanPostProcessors (for example: not eligible for auto-proxying). Is this bean getting eagerly injected into a currently created BeanPostProcessor [lbRestClientPostProcessor]? Check the corresponding BeanPostProcessor declaration and its dependencies.
2025-12-10T16:17:39.238+08:00  WARN 105083 --- [asset-service] [           main] trationDelegate$BeanPostProcessorChecker : Bean 'org.springframework.cloud.loadbalancer.config.LoadBalancerAutoConfiguration' of type [org.springframework.cloud.loadbalancer.config.LoadBalancerAutoConfiguration] is not eligible for getting processed by all BeanPostProcessors (for example: not eligible for auto-proxying). Is this bean getting eagerly injected into a currently created BeanPostProcessor [lbRestClientPostProcessor]? Check the corresponding BeanPostProcessor declaration and its dependencies.
2025-12-10T16:17:39.263+08:00  WARN 105083 --- [asset-service] [           main] trationDelegate$BeanPostProcessorChecker : Bean 'org.springframework.cloud.commons.config.CommonsConfigAutoConfiguration' of type [org.springframework.cloud.commons.config.CommonsConfigAutoConfiguration] is not eligible for getting processed by all BeanPostProcessors (for example: not eligible for auto-proxying). Is this bean getting eagerly injected into a currently created BeanPostProcessor [lbRestClientPostProcessor]? Check the corresponding BeanPostProcessor declaration and its dependencies.
2025-12-10T16:17:39.267+08:00  WARN 105083 --- [asset-service] [           main] trationDelegate$BeanPostProcessorChecker : Bean 'org.springframework.cloud.client.loadbalancer.LoadBalancerDefaultMappingsProviderAutoConfiguration' of type [org.springframework.cloud.client.loadbalancer.LoadBalancerDefaultMappingsProviderAutoConfiguration] is not eligible for getting processed by all BeanPostProcessors (for example: not eligible for auto-proxying). Is this bean getting eagerly injected into a currently created BeanPostProcessor [lbRestClientPostProcessor]? Check the corresponding BeanPostProcessor declaration and its dependencies.
2025-12-10T16:17:39.269+08:00  WARN 105083 --- [asset-service] [           main] trationDelegate$BeanPostProcessorChecker : Bean 'loadBalancerClientsDefaultsMappingsProvider' of type [org.springframework.cloud.client.loadbalancer.LoadBalancerDefaultMappingsProviderAutoConfiguration$$Lambda/0x000078eb6c4655b8] is not eligible for getting processed by all BeanPostProcessors (for example: not eligible for auto-proxying). Is this bean getting eagerly injected into a currently created BeanPostProcessor [lbRestClientPostProcessor]? Check the corresponding BeanPostProcessor declaration and its dependencies.
2025-12-10T16:17:39.275+08:00  WARN 105083 --- [asset-service] [           main] trationDelegate$BeanPostProcessorChecker : Bean 'defaultsBindHandlerAdvisor' of type [org.springframework.cloud.commons.config.DefaultsBindHandlerAdvisor] is not eligible for getting processed by all BeanPostProcessors (for example: not eligible for auto-proxying). Is this bean getting eagerly injected into a currently created BeanPostProcessor [lbRestClientPostProcessor]? Check the corresponding BeanPostProcessor declaration and its dependencies.
2025-12-10T16:17:39.287+08:00  WARN 105083 --- [asset-service] [           main] trationDelegate$BeanPostProcessorChecker : Bean 'spring.cloud.loadbalancer-org.springframework.cloud.client.loadbalancer.LoadBalancerClientsProperties' of type [org.springframework.cloud.client.loadbalancer.LoadBalancerClientsProperties] is not eligible for getting processed by all BeanPostProcessors (for example: not eligible for auto-proxying). Is this bean getting eagerly injected into a currently created BeanPostProcessor [lbRestClientPostProcessor]? Check the corresponding BeanPostProcessor declaration and its dependencies.
2025-12-10T16:17:39.302+08:00  WARN 105083 --- [asset-service] [           main] trationDelegate$BeanPostProcessorChecker : Bean 'default.org.springframework.cloud.loadbalancer.config.LoadBalancerAutoConfiguration.LoadBalancerClientSpecification' of type [org.springframework.cloud.loadbalancer.annotation.LoadBalancerClientSpecification] is not eligible for getting processed by all BeanPostProcessors (for example: not eligible for auto-proxying). Is this bean getting eagerly injected into a currently created BeanPostProcessor [lbRestClientPostProcessor]? Check the corresponding BeanPostProcessor declaration and its dependencies.
2025-12-10T16:17:39.305+08:00  WARN 105083 --- [asset-service] [           main] trationDelegate$BeanPostProcessorChecker : Bean 'default.org.springframework.cloud.loadbalancer.config.BlockingLoadBalancerClientAutoConfiguration.LoadBalancerClientSpecification' of type [org.springframework.cloud.loadbalancer.annotation.LoadBalancerClientSpecification] is not eligible for getting processed by all BeanPostProcessors (for example: not eligible for auto-proxying). Is this bean getting eagerly injected into a currently created BeanPostProcessor [lbRestClientPostProcessor]? Check the corresponding BeanPostProcessor declaration and its dependencies.
2025-12-10T16:17:39.308+08:00  WARN 105083 --- [asset-service] [           main] trationDelegate$BeanPostProcessorChecker : Bean 'loadBalancerClientFactory' of type [org.springframework.cloud.loadbalancer.support.LoadBalancerClientFactory] is not eligible for getting processed by all BeanPostProcessors (for example: not eligible for auto-proxying). Is this bean getting eagerly injected into a currently created BeanPostProcessor [lbRestClientPostProcessor]? Check the corresponding BeanPostProcessor declaration and its dependencies.
2025-12-10T16:17:39.320+08:00  WARN 105083 --- [asset-service] [           main] trationDelegate$BeanPostProcessorChecker : Bean 'blockingLoadBalancerClient' of type [org.springframework.cloud.loadbalancer.blocking.client.BlockingLoadBalancerClient] is not eligible for getting processed by all BeanPostProcessors (for example: not eligible for auto-proxying). Is this bean getting eagerly injected into a currently created BeanPostProcessor [lbRestClientPostProcessor]? Check the corresponding BeanPostProcessor declaration and its dependencies.
2025-12-10T16:17:39.338+08:00  WARN 105083 --- [asset-service] [           main] trationDelegate$BeanPostProcessorChecker : Bean 'loadBalancerServiceInstanceCookieTransformer' of type [org.springframework.cloud.loadbalancer.core.LoadBalancerServiceInstanceCookieTransformer] is not eligible for getting processed by all BeanPostProcessors (for example: not eligible for auto-proxying). Is this bean getting eagerly injected into a currently created BeanPostProcessor [lbRestClientPostProcessor]? Check the corresponding BeanPostProcessor declaration and its dependencies.
2025-12-10T16:17:39.342+08:00  WARN 105083 --- [asset-service] [           main] trationDelegate$BeanPostProcessorChecker : Bean 'xForwarderHeadersTransformer' of type [org.springframework.cloud.loadbalancer.blocking.XForwardedHeadersTransformer] is not eligible for getting processed by all BeanPostProcessors (for example: not eligible for auto-proxying). Is this bean getting eagerly injected into a currently created BeanPostProcessor [lbRestClientPostProcessor]? Check the corresponding BeanPostProcessor declaration and its dependencies.
2025-12-10T16:17:39.345+08:00  WARN 105083 --- [asset-service] [           main] trationDelegate$BeanPostProcessorChecker : Bean 'org.springframework.cloud.client.loadbalancer.LoadBalancerAutoConfiguration' of type [org.springframework.cloud.client.loadbalancer.LoadBalancerAutoConfiguration] is not eligible for getting processed by all BeanPostProcessors (for example: not eligible for auto-proxying). Is this bean getting eagerly injected into a currently created BeanPostProcessor [lbRestClientPostProcessor]? Check the corresponding BeanPostProcessor declaration and its dependencies.
2025-12-10T16:17:39.349+08:00  WARN 105083 --- [asset-service] [           main] trationDelegate$BeanPostProcessorChecker : Bean 'loadBalancerRequestFactory' of type [org.springframework.cloud.client.loadbalancer.LoadBalancerRequestFactory] is not eligible for getting processed by all BeanPostProcessors (for example: not eligible for auto-proxying). Is this bean getting eagerly injected into a currently created BeanPostProcessor [lbRestClientPostProcessor]? Check the corresponding BeanPostProcessor declaration and its dependencies.
2025-12-10T16:17:39.352+08:00  WARN 105083 --- [asset-service] [           main] trationDelegate$BeanPostProcessorChecker : Bean 'loadBalancerInterceptor' of type [org.springframework.cloud.client.loadbalancer.LoadBalancerInterceptor] is not eligible for getting processed by all BeanPostProcessors (for example: not eligible for auto-proxying). Is this bean getting eagerly injected into a currently created BeanPostProcessor [lbRestClientPostProcessor]? Check the corresponding BeanPostProcessor declaration and its dependencies.
2025-12-10T16:17:39.726+08:00  INFO 105083 --- [asset-service] [           main] o.s.b.w.embedded.tomcat.TomcatWebServer  : Tomcat initialized with port 28082 (http)
2025-12-10T16:17:39.747+08:00  INFO 105083 --- [asset-service] [           main] o.apache.catalina.core.StandardService   : Starting service [Tomcat]
2025-12-10T16:17:39.748+08:00  INFO 105083 --- [asset-service] [           main] o.apache.catalina.core.StandardEngine    : Starting Servlet engine: [Apache Tomcat/10.1.20]
2025-12-10T16:17:39.795+08:00  INFO 105083 --- [asset-service] [           main] o.a.c.c.C.[Tomcat].[localhost].[/]       : Initializing Spring embedded WebApplicationContext
2025-12-10T16:17:39.797+08:00  INFO 105083 --- [asset-service] [           main] w.s.c.ServletWebServerApplicationContext : Root WebApplicationContext: initialization completed in 2195 ms
2025-12-10T16:17:43.380+08:00  WARN 105083 --- [asset-service] [           main] iguration$LoadBalancerCaffeineWarnLogger : Spring Cloud LoadBalancer is currently working with the default cache. While this cache implementation is useful for development and tests, it's recommended to use Caffeine cache in production.You can switch to using Caffeine cache, by adding it and org.springframework.cache.caffeine.CaffeineCacheManager to the classpath.
2025-12-10T16:17:43.401+08:00  INFO 105083 --- [asset-service] [           main] o.s.b.a.e.web.EndpointLinksResolver      : Exposing 2 endpoint(s) beneath base path '/actuator'
2025-12-10T16:17:43.451+08:00  INFO 105083 --- [asset-service] [           main] o.s.b.w.embedded.tomcat.TomcatWebServer  : Tomcat started on port 28082 (http) with context path ''
2025-12-10T16:17:43.460+08:00  INFO 105083 --- [asset-service] [           main] com.alibaba.nacos.client.naming          : initializer namespace from ans.namespace attribute : null
2025-12-10T16:17:43.463+08:00  INFO 105083 --- [asset-service] [           main] com.alibaba.nacos.client.naming          : initializer namespace from ALIBABA_ALIWARE_NAMESPACE attribute :null
2025-12-10T16:17:43.463+08:00  INFO 105083 --- [asset-service] [           main] com.alibaba.nacos.client.naming          : initializer namespace from namespace attribute :null
2025-12-10T16:17:43.463+08:00  INFO 105083 --- [asset-service] [       Thread-3] c.a.n.c.a.r.identify.CredentialWatcher   : null No credential found
2025-12-10T16:17:43.482+08:00  INFO 105083 --- [asset-service] [           main] c.alibaba.nacos.client.utils.ParamUtil   : [settings] [req-serv] nacos-server port:8848
2025-12-10T16:17:43.483+08:00  INFO 105083 --- [asset-service] [           main] c.alibaba.nacos.client.utils.ParamUtil   : [settings] [http-client] connect timeout:1000
2025-12-10T16:17:43.483+08:00  INFO 105083 --- [asset-service] [           main] c.alibaba.nacos.client.utils.ParamUtil   : PER_TASK_CONFIG_SIZE: 3000.0
2025-12-10T16:17:43.486+08:00  INFO 105083 --- [asset-service] [           main] c.a.n.p.a.s.c.ClientAuthPluginManager    : [ClientAuthPluginManager] Load ClientAuthService com.alibaba.nacos.client.auth.impl.NacosClientAuthServiceImpl success.
2025-12-10T16:17:43.487+08:00  INFO 105083 --- [asset-service] [           main] c.a.n.p.a.s.c.ClientAuthPluginManager    : [ClientAuthPluginManager] Load ClientAuthService com.alibaba.nacos.client.auth.ram.RamClientAuthServiceImpl success.
2025-12-10T16:17:43.497+08:00  INFO 105083 --- [asset-service] [           main] com.alibaba.nacos.common.remote.client   : [RpcClientFactory] create a new rpc client of 4be536e8-54c3-482e-a147-f520ab5e5850
2025-12-10T16:17:43.515+08:00  INFO 105083 --- [asset-service] [           main] com.alibaba.nacos.client.naming          : Create naming rpc client for uuid->4be536e8-54c3-482e-a147-f520ab5e5850
2025-12-10T16:17:43.515+08:00  INFO 105083 --- [asset-service] [           main] com.alibaba.nacos.common.remote.client   : [4be536e8-54c3-482e-a147-f520ab5e5850] RpcClient init, ServerListFactory = com.alibaba.nacos.client.naming.core.ServerListManager
2025-12-10T16:17:43.515+08:00  INFO 105083 --- [asset-service] [           main] com.alibaba.nacos.common.remote.client   : [4be536e8-54c3-482e-a147-f520ab5e5850] Registry connection listener to current client:com.alibaba.nacos.client.naming.remote.gprc.redo.NamingGrpcRedoService
2025-12-10T16:17:43.516+08:00  INFO 105083 --- [asset-service] [           main] com.alibaba.nacos.common.remote.client   : [4be536e8-54c3-482e-a147-f520ab5e5850] Register server push request handler:com.alibaba.nacos.client.naming.remote.gprc.NamingPushRequestHandler
2025-12-10T16:17:43.521+08:00  INFO 105083 --- [asset-service] [           main] com.alibaba.nacos.common.remote.client   : [4be536e8-54c3-482e-a147-f520ab5e5850] Try to connect to server on start up, server: {serverIp = 'localhost', server main port = 8848}
2025-12-10T16:17:43.551+08:00  INFO 105083 --- [asset-service] [           main] c.a.n.c.remote.client.grpc.GrpcClient    : grpc client connection server:localhost ip,serverPort:9848,grpcTslConfig:{"sslProvider":"","enableTls":false,"mutualAuthEnable":false,"trustAll":false}
2025-12-10T16:17:43.931+08:00  INFO 105083 --- [asset-service] [           main] c.a.n.c.a.AbstractAbilityControlManager  : Ready to get current node abilities...
2025-12-10T16:17:43.933+08:00  INFO 105083 --- [asset-service] [           main] c.a.n.c.a.AbstractAbilityControlManager  : Ready to initialize current node abilities, support modes: [SDK_CLIENT]
2025-12-10T16:17:43.933+08:00  INFO 105083 --- [asset-service] [           main] c.a.n.c.a.AbstractAbilityControlManager  : Initialize current abilities finish...
2025-12-10T16:17:43.934+08:00  INFO 105083 --- [asset-service] [           main] c.a.n.c.a.d.NacosAbilityManagerHolder    : [AbilityControlManager] Successfully initialize AbilityControlManager
2025-12-10T16:17:43.951+08:00  INFO 105083 --- [asset-service] [           main] com.alibaba.nacos.common.remote.client   : [4be536e8-54c3-482e-a147-f520ab5e5850] Success to connect to server [localhost:8848] on start up, connectionId = 1765354663869_172.21.0.1_53202
2025-12-10T16:17:43.951+08:00  INFO 105083 --- [asset-service] [t.remote.worker] com.alibaba.nacos.common.remote.client   : [4be536e8-54c3-482e-a147-f520ab5e5850] Notify connected event to listeners.
2025-12-10T16:17:43.952+08:00  INFO 105083 --- [asset-service] [t.remote.worker] com.alibaba.nacos.client.naming          : Grpc connection connect
2025-12-10T16:17:43.952+08:00  INFO 105083 --- [asset-service] [           main] com.alibaba.nacos.common.remote.client   : [4be536e8-54c3-482e-a147-f520ab5e5850] Register server push request handler:com.alibaba.nacos.common.remote.client.RpcClient$ConnectResetRequestHandler
2025-12-10T16:17:43.952+08:00  INFO 105083 --- [asset-service] [           main] com.alibaba.nacos.common.remote.client   : [4be536e8-54c3-482e-a147-f520ab5e5850] Register server push request handler:com.alibaba.nacos.common.remote.client.RpcClient$$Lambda/0x000078eb6c7975f0
2025-12-10T16:17:43.953+08:00  INFO 105083 --- [asset-service] [           main] com.alibaba.nacos.client.naming          : [REGISTER-SERVICE] public registering service asset-service with instance Instance{instanceId='null', ip='10.255.255.254', port=28082, weight=1.0, healthy=true, enabled=true, ephemeral=true, clusterName='DEFAULT', serviceName='null', metadata={IPv6=null, preserved.register.source=SPRING_CLOUD}}
2025-12-10T16:17:43.967+08:00  INFO 105083 --- [asset-service] [           main] c.a.c.n.registry.NacosServiceRegistry    : nacos registry, DEFAULT_GROUP asset-service 10.255.255.254:28082 register finished
2025-12-10T16:17:44.969+08:00  INFO 105083 --- [asset-service] [           main] o.s.cloud.commons.util.InetUtils         : Cannot determine local hostname
2025-12-10T16:17:44.978+08:00  INFO 105083 --- [asset-service] [           main] com.shenzhewei.asset.AssetApplication    : Started AssetApplication in 8.952 seconds (process running for 9.423)
2025-12-10T16:17:50.846+08:00  INFO 105083 --- [asset-service] [io-28082-exec-1] o.a.c.c.C.[Tomcat].[localhost].[/]       : Initializing Spring DispatcherServlet 'dispatcherServlet'
2025-12-10T16:17:50.846+08:00  INFO 105083 --- [asset-service] [io-28082-exec-1] o.s.web.servlet.DispatcherServlet        : Initializing Servlet 'dispatcherServlet'
2025-12-10T16:17:50.848+08:00  INFO 105083 --- [asset-service] [io-28082-exec-1] o.s.web.servlet.DispatcherServlet        : Completed initialization in 2 ms
2025-12-10T16:17:50.883+08:00  INFO 105083 --- [asset-service] [io-28082-exec-1] com.zaxxer.hikari.HikariDataSource       : HikariPool-1 - Starting...
2025-12-10T16:17:50.982+08:00  INFO 105083 --- [asset-service] [io-28082-exec-1] com.zaxxer.hikari.pool.HikariPool        : HikariPool-1 - Added connection com.mysql.cj.jdbc.ConnectionImpl@1c0fdd68
2025-12-10T16:17:50.984+08:00  INFO 105083 --- [asset-service] [io-28082-exec-1] com.zaxxer.hikari.HikariDataSource       : HikariPool-1 - Start completed.
2025-12-10T16:17:56.083+08:00 DEBUG 105083 --- [asset-service] [io-28082-exec-2] c.s.asset.mapper.AssetMapper.findById    : ==>  Preparing: SELECT id, user_id, name, balance, version, create_time FROM tb_asset WHERE id = ?
2025-12-10T16:17:56.099+08:00 DEBUG 105083 --- [asset-service] [io-28082-exec-2] c.s.asset.mapper.AssetMapper.findById    : ==> Parameters: 1(Long)
2025-12-10T16:17:56.118+08:00 DEBUG 105083 --- [asset-service] [io-28082-exec-2] c.s.asset.mapper.AssetMapper.findById    : <==      Total: 1
2025-12-10T16:17:56.278+08:00 DEBUG 105083 --- [asset-service] [io-28082-exec-3] c.s.asset.mapper.AssetMapper.findById    : ==>  Preparing: SELECT id, user_id, name, balance, version, create_time FROM tb_asset WHERE id = ?
2025-12-10T16:17:56.278+08:00 DEBUG 105083 --- [asset-service] [io-28082-exec-3] c.s.asset.mapper.AssetMapper.findById    : ==> Parameters: 1(Long)
2025-12-10T16:17:56.280+08:00 DEBUG 105083 --- [asset-service] [io-28082-exec-3] c.s.asset.mapper.AssetMapper.findById    : <==      Total: 1
2025-12-10T16:17:56.353+08:00 DEBUG 105083 --- [asset-service] [io-28082-exec-4] c.s.asset.mapper.AssetMapper.findById    : ==>  Preparing: SELECT id, user_id, name, balance, version, create_time FROM tb_asset WHERE id = ?
2025-12-10T16:17:56.354+08:00 DEBUG 105083 --- [asset-service] [io-28082-exec-4] c.s.asset.mapper.AssetMapper.findById    : ==> Parameters: 1(Long)
2025-12-10T16:17:56.356+08:00 DEBUG 105083 --- [asset-service] [io-28082-exec-4] c.s.asset.mapper.AssetMapper.findById    : <==      Total: 1
2025-12-10T16:17:56.426+08:00 DEBUG 105083 --- [asset-service] [io-28082-exec-5] c.s.asset.mapper.AssetMapper.findById    : ==>  Preparing: SELECT id, user_id, name, balance, version, create_time FROM tb_asset WHERE id = ?
2025-12-10T16:17:56.427+08:00 DEBUG 105083 --- [asset-service] [io-28082-exec-5] c.s.asset.mapper.AssetMapper.findById    : ==> Parameters: 1(Long)
2025-12-10T16:17:56.428+08:00 DEBUG 105083 --- [asset-service] [io-28082-exec-5] c.s.asset.mapper.AssetMapper.findById    : <==      Total: 1
2025-12-10T16:17:56.498+08:00 DEBUG 105083 --- [asset-service] [io-28082-exec-6] c.s.asset.mapper.AssetMapper.findById    : ==>  Preparing: SELECT id, user_id, name, balance, version, create_time FROM tb_asset WHERE id = ?
2025-12-10T16:17:56.498+08:00 DEBUG 105083 --- [asset-service] [io-28082-exec-6] c.s.asset.mapper.AssetMapper.findById    : ==> Parameters: 1(Long)
2025-12-10T16:17:56.500+08:00 DEBUG 105083 --- [asset-service] [io-28082-exec-6] c.s.asset.mapper.AssetMapper.findById    : <==      Total: 1
2025-12-10T16:17:56.569+08:00 DEBUG 105083 --- [asset-service] [io-28082-exec-7] c.s.asset.mapper.AssetMapper.findById    : ==>  Preparing: SELECT id, user_id, name, balance, version, create_time FROM tb_asset WHERE id = ?
2025-12-10T16:17:56.570+08:00 DEBUG 105083 --- [asset-service] [io-28082-exec-7] c.s.asset.mapper.AssetMapper.findById    : ==> Parameters: 1(Long)
2025-12-10T16:17:56.571+08:00 DEBUG 105083 --- [asset-service] [io-28082-exec-7] c.s.asset.mapper.AssetMapper.findById    : <==      Total: 1
2025-12-10T16:17:56.637+08:00 DEBUG 105083 --- [asset-service] [io-28082-exec-8] c.s.asset.mapper.AssetMapper.findById    : ==>  Preparing: SELECT id, user_id, name, balance, version, create_time FROM tb_asset WHERE id = ?
2025-12-10T16:17:56.637+08:00 DEBUG 105083 --- [asset-service] [io-28082-exec-8] c.s.asset.mapper.AssetMapper.findById    : ==> Parameters: 1(Long)
2025-12-10T16:17:56.639+08:00 DEBUG 105083 --- [asset-service] [io-28082-exec-8] c.s.asset.mapper.AssetMapper.findById    : <==      Total: 1
2025-12-10T16:17:56.704+08:00 DEBUG 105083 --- [asset-service] [io-28082-exec-9] c.s.asset.mapper.AssetMapper.findById    : ==>  Preparing: SELECT id, user_id, name, balance, version, create_time FROM tb_asset WHERE id = ?
2025-12-10T16:17:56.704+08:00 DEBUG 105083 --- [asset-service] [io-28082-exec-9] c.s.asset.mapper.AssetMapper.findById    : ==> Parameters: 1(Long)
2025-12-10T16:17:56.706+08:00 DEBUG 105083 --- [asset-service] [io-28082-exec-9] c.s.asset.mapper.AssetMapper.findById    : <==      Total: 1
2025-12-10T16:17:56.770+08:00 DEBUG 105083 --- [asset-service] [o-28082-exec-10] c.s.asset.mapper.AssetMapper.findById    : ==>  Preparing: SELECT id, user_id, name, balance, version, create_time FROM tb_asset WHERE id = ?
2025-12-10T16:17:56.770+08:00 DEBUG 105083 --- [asset-service] [o-28082-exec-10] c.s.asset.mapper.AssetMapper.findById    : ==> Parameters: 1(Long)
2025-12-10T16:17:56.772+08:00 DEBUG 105083 --- [asset-service] [o-28082-exec-10] c.s.asset.mapper.AssetMapper.findById    : <==      Total: 1
2025-12-10T16:17:56.836+08:00 DEBUG 105083 --- [asset-service] [io-28082-exec-1] c.s.asset.mapper.AssetMapper.findById    : ==>  Preparing: SELECT id, user_id, name, balance, version, create_time FROM tb_asset WHERE id = ?
2025-12-10T16:17:56.836+08:00 DEBUG 105083 --- [asset-service] [io-28082-exec-1] c.s.asset.mapper.AssetMapper.findById    : ==> Parameters: 1(Long)
2025-12-10T16:17:56.838+08:00 DEBUG 105083 --- [asset-service] [io-28082-exec-1] c.s.asset.mapper.AssetMapper.findById    : <==      Total: 1
2025-12-10T16:17:56.912+08:00 DEBUG 105083 --- [asset-service] [io-28082-exec-3] c.s.asset.mapper.AssetMapper.findById    : ==>  Preparing: SELECT id, user_id, name, balance, version, create_time FROM tb_asset WHERE id = ?
2025-12-10T16:17:56.912+08:00 DEBUG 105083 --- [asset-service] [io-28082-exec-3] c.s.asset.mapper.AssetMapper.findById    : ==> Parameters: 1(Long)
2025-12-10T16:17:56.911+08:00 DEBUG 105083 --- [asset-service] [io-28082-exec-2] c.s.asset.mapper.AssetMapper.findById    : ==>  Preparing: SELECT id, user_id, name, balance, version, create_time FROM tb_asset WHERE id = ?
2025-12-10T16:17:56.914+08:00 DEBUG 105083 --- [asset-service] [io-28082-exec-2] c.s.asset.mapper.AssetMapper.findById    : ==> Parameters: 1(Long)
2025-12-10T16:17:56.916+08:00 DEBUG 105083 --- [asset-service] [io-28082-exec-4] c.s.asset.mapper.AssetMapper.findById    : ==>  Preparing: SELECT id, user_id, name, balance, version, create_time FROM tb_asset WHERE id = ?
2025-12-10T16:17:56.917+08:00 DEBUG 105083 --- [asset-service] [io-28082-exec-4] c.s.asset.mapper.AssetMapper.findById    : ==> Parameters: 1(Long)
2025-12-10T16:17:56.918+08:00 DEBUG 105083 --- [asset-service] [io-28082-exec-4] c.s.asset.mapper.AssetMapper.findById    : <==      Total: 1
2025-12-10T16:17:56.921+08:00 DEBUG 105083 --- [asset-service] [io-28082-exec-2] c.s.asset.mapper.AssetMapper.findById    : <==      Total: 1
2025-12-10T16:17:56.922+08:00 DEBUG 105083 --- [asset-service] [io-28082-exec-6] c.s.asset.mapper.AssetMapper.findById    : ==>  Preparing: SELECT id, user_id, name, balance, version, create_time FROM tb_asset WHERE id = ?
2025-12-10T16:17:56.922+08:00 DEBUG 105083 --- [asset-service] [io-28082-exec-5] c.s.asset.mapper.AssetMapper.findById    : ==>  Preparing: SELECT id, user_id, name, balance, version, create_time FROM tb_asset WHERE id = ?
2025-12-10T16:17:56.923+08:00 DEBUG 105083 --- [asset-service] [io-28082-exec-5] c.s.asset.mapper.AssetMapper.findById    : ==> Parameters: 1(Long)
2025-12-10T16:17:56.924+08:00 DEBUG 105083 --- [asset-service] [io-28082-exec-6] c.s.asset.mapper.AssetMapper.findById    : ==> Parameters: 1(Long)
2025-12-10T16:17:56.925+08:00 DEBUG 105083 --- [asset-service] [io-28082-exec-8] c.s.asset.mapper.AssetMapper.findById    : ==>  Preparing: SELECT id, user_id, name, balance, version, create_time FROM tb_asset WHERE id = ?
2025-12-10T16:17:56.925+08:00 DEBUG 105083 --- [asset-service] [io-28082-exec-8] c.s.asset.mapper.AssetMapper.findById    : ==> Parameters: 1(Long)
2025-12-10T16:17:56.925+08:00 DEBUG 105083 --- [asset-service] [io-28082-exec-5] c.s.asset.mapper.AssetMapper.findById    : <==      Total: 1
2025-12-10T16:17:56.925+08:00 DEBUG 105083 --- [asset-service] [o-28082-exec-10] c.s.asset.mapper.AssetMapper.findById    : ==>  Preparing: SELECT id, user_id, name, balance, version, create_time FROM tb_asset WHERE id = ?
2025-12-10T16:17:56.926+08:00 DEBUG 105083 --- [asset-service] [io-28082-exec-9] c.s.asset.mapper.AssetMapper.findById    : ==>  Preparing: SELECT id, user_id, name, balance, version, create_time FROM tb_asset WHERE id = ?
2025-12-10T16:17:56.926+08:00 DEBUG 105083 --- [asset-service] [o-28082-exec-10] c.s.asset.mapper.AssetMapper.findById    : ==> Parameters: 1(Long)
2025-12-10T16:17:56.926+08:00 DEBUG 105083 --- [asset-service] [io-28082-exec-9] c.s.asset.mapper.AssetMapper.findById    : ==> Parameters: 1(Long)
2025-12-10T16:17:56.929+08:00 DEBUG 105083 --- [asset-service] [io-28082-exec-7] c.s.asset.mapper.AssetMapper.findById    : ==>  Preparing: SELECT id, user_id, name, balance, version, create_time FROM tb_asset WHERE id = ?
2025-12-10T16:17:56.929+08:00 DEBUG 105083 --- [asset-service] [io-28082-exec-7] c.s.asset.mapper.AssetMapper.findById    : ==> Parameters: 1(Long)
2025-12-10T16:17:56.920+08:00 DEBUG 105083 --- [asset-service] [io-28082-exec-3] c.s.asset.mapper.AssetMapper.findById    : <==      Total: 1
2025-12-10T16:17:56.932+08:00 DEBUG 105083 --- [asset-service] [io-28082-exec-6] c.s.asset.mapper.AssetMapper.findById    : <==      Total: 1
2025-12-10T16:17:56.933+08:00 DEBUG 105083 --- [asset-service] [o-28082-exec-10] c.s.asset.mapper.AssetMapper.findById    : <==      Total: 1
2025-12-10T16:17:56.933+08:00 DEBUG 105083 --- [asset-service] [io-28082-exec-7] c.s.asset.mapper.AssetMapper.findById    : <==      Total: 1
2025-12-10T16:17:56.935+08:00 DEBUG 105083 --- [asset-service] [io-28082-exec-1] c.s.asset.mapper.AssetMapper.findById    : ==>  Preparing: SELECT id, user_id, name, balance, version, create_time FROM tb_asset WHERE id = ?
2025-12-10T16:17:56.935+08:00 DEBUG 105083 --- [asset-service] [io-28082-exec-1] c.s.asset.mapper.AssetMapper.findById    : ==> Parameters: 1(Long)
2025-12-10T16:17:56.936+08:00 DEBUG 105083 --- [asset-service] [io-28082-exec-9] c.s.asset.mapper.AssetMapper.findById    : <==      Total: 1
2025-12-10T16:17:56.936+08:00 DEBUG 105083 --- [asset-service] [io-28082-exec-8] c.s.asset.mapper.AssetMapper.findById    : <==      Total: 1
2025-12-10T16:17:56.940+08:00 DEBUG 105083 --- [asset-service] [io-28082-exec-2] c.s.asset.mapper.AssetMapper.findById    : ==>  Preparing: SELECT id, user_id, name, balance, version, create_time FROM tb_asset WHERE id = ?
2025-12-10T16:17:56.941+08:00 DEBUG 105083 --- [asset-service] [io-28082-exec-2] c.s.asset.mapper.AssetMapper.findById    : ==> Parameters: 1(Long)
2025-12-10T16:17:56.942+08:00 DEBUG 105083 --- [asset-service] [io-28082-exec-3] c.s.asset.mapper.AssetMapper.findById    : ==>  Preparing: SELECT id, user_id, name, balance, version, create_time FROM tb_asset WHERE id = ?
2025-12-10T16:17:56.942+08:00 DEBUG 105083 --- [asset-service] [io-28082-exec-3] c.s.asset.mapper.AssetMapper.findById    : ==> Parameters: 1(Long)
2025-12-10T16:17:56.944+08:00 DEBUG 105083 --- [asset-service] [io-28082-exec-3] c.s.asset.mapper.AssetMapper.findById    : <==      Total: 1
2025-12-10T16:17:56.945+08:00 DEBUG 105083 --- [asset-service] [io-28082-exec-5] c.s.asset.mapper.AssetMapper.findById    : ==>  Preparing: SELECT id, user_id, name, balance, version, create_time FROM tb_asset WHERE id = ?
2025-12-10T16:17:56.946+08:00 DEBUG 105083 --- [asset-service] [io-28082-exec-2] c.s.asset.mapper.AssetMapper.findById    : <==      Total: 1
2025-12-10T16:17:56.946+08:00 DEBUG 105083 --- [asset-service] [io-28082-exec-9] c.s.asset.mapper.AssetMapper.findById    : ==>  Preparing: SELECT id, user_id, name, balance, version, create_time FROM tb_asset WHERE id = ?
2025-12-10T16:17:56.946+08:00 DEBUG 105083 --- [asset-service] [io-28082-exec-5] c.s.asset.mapper.AssetMapper.findById    : ==> Parameters: 1(Long)
2025-12-10T16:17:56.946+08:00 DEBUG 105083 --- [asset-service] [io-28082-exec-9] c.s.asset.mapper.AssetMapper.findById    : ==> Parameters: 1(Long)
2025-12-10T16:17:56.946+08:00 DEBUG 105083 --- [asset-service] [io-28082-exec-4] c.s.asset.mapper.AssetMapper.findById    : ==>  Preparing: SELECT id, user_id, name, balance, version, create_time FROM tb_asset WHERE id = ?
2025-12-10T16:17:56.946+08:00 DEBUG 105083 --- [asset-service] [io-28082-exec-1] c.s.asset.mapper.AssetMapper.findById    : <==      Total: 1
2025-12-10T16:17:56.946+08:00 DEBUG 105083 --- [asset-service] [io-28082-exec-4] c.s.asset.mapper.AssetMapper.findById    : ==> Parameters: 1(Long)
2025-12-10T16:17:56.947+08:00 DEBUG 105083 --- [asset-service] [io-28082-exec-8] c.s.asset.mapper.AssetMapper.findById    : ==>  Preparing: SELECT id, user_id, name, balance, version, create_time FROM tb_asset WHERE id = ?
2025-12-10T16:17:56.947+08:00 DEBUG 105083 --- [asset-service] [io-28082-exec-8] c.s.asset.mapper.AssetMapper.findById    : ==> Parameters: 1(Long)
2025-12-10T16:17:56.949+08:00 DEBUG 105083 --- [asset-service] [io-28082-exec-8] c.s.asset.mapper.AssetMapper.findById    : <==      Total: 1
2025-12-10T16:17:56.949+08:00 DEBUG 105083 --- [asset-service] [io-28082-exec-5] c.s.asset.mapper.AssetMapper.findById    : <==      Total: 1
2025-12-10T16:17:56.949+08:00 DEBUG 105083 --- [asset-service] [io-28082-exec-9] c.s.asset.mapper.AssetMapper.findById    : <==      Total: 1
2025-12-10T16:17:56.949+08:00 DEBUG 105083 --- [asset-service] [io-28082-exec-4] c.s.asset.mapper.AssetMapper.findById    : <==      Total: 1
2025-12-10T16:17:56.952+08:00 DEBUG 105083 --- [asset-service] [o-28082-exec-10] c.s.asset.mapper.AssetMapper.findById    : ==>  Preparing: SELECT id, user_id, name, balance, version, create_time FROM tb_asset WHERE id = ?
2025-12-10T16:17:56.953+08:00 DEBUG 105083 --- [asset-service] [o-28082-exec-10] c.s.asset.mapper.AssetMapper.findById    : ==> Parameters: 1(Long)
2025-12-10T16:17:56.954+08:00 DEBUG 105083 --- [asset-service] [o-28082-exec-10] c.s.asset.mapper.AssetMapper.findById    : <==      Total: 1
2025-12-10T16:23:24.290+08:00  WARN 105083 --- [asset-service] [       Thread-8] c.a.n.common.http.HttpClientBeanHolder   : [HttpClientBeanHolder] Start destroying common HttpClient
2025-12-10T16:23:24.290+08:00  WARN 105083 --- [asset-service] [       Thread-5] c.a.nacos.common.notify.NotifyCenter     : [NotifyCenter] Start destroying Publisher
2025-12-10T16:23:24.290+08:00  WARN 105083 --- [asset-service] [       Thread-5] c.a.nacos.common.notify.NotifyCenter     : [NotifyCenter] Destruction of the end
2025-12-10T16:23:24.291+08:00  WARN 105083 --- [asset-service] [       Thread-8] c.a.n.common.http.HttpClientBeanHolder   : [HttpClientBeanHolder] Destruction of the end
2025-12-10T16:23:24.297+08:00  INFO 105083 --- [asset-service] [ionShutdownHook] c.a.c.n.registry.NacosServiceRegistry    : De-registering from Nacos Server now...
2025-12-10T16:23:24.297+08:00  INFO 105083 --- [asset-service] [ionShutdownHook] com.alibaba.nacos.client.naming          : [DEREGISTER-SERVICE] public deregistering service asset-service with instance: Instance{instanceId='null', ip='10.255.255.254', port=28082, weight=1.0, healthy=true, enabled=true, ephemeral=true, clusterName='DEFAULT', serviceName='null', metadata={}}
2025-12-10T16:23:24.302+08:00  INFO 105083 --- [asset-service] [ionShutdownHook] c.a.c.n.registry.NacosServiceRegistry    : De-registration finished.
2025-12-10T16:23:24.304+08:00  INFO 105083 --- [asset-service] [ionShutdownHook] com.alibaba.nacos.client.naming          : com.alibaba.nacos.client.naming.cache.ServiceInfoHolder do shutdown begin
2025-12-10T16:23:24.304+08:00  INFO 105083 --- [asset-service] [ionShutdownHook] com.alibaba.nacos.client.naming          : com.alibaba.nacos.client.naming.backups.FailoverReactor do shutdown begin
2025-12-10T16:23:24.304+08:00  INFO 105083 --- [asset-service] [ionShutdownHook] com.alibaba.nacos.client.naming          : com.alibaba.nacos.client.naming.backups.FailoverReactor do shutdown stop
2025-12-10T16:23:24.304+08:00  INFO 105083 --- [asset-service] [ionShutdownHook] com.alibaba.nacos.client.naming          : com.alibaba.nacos.client.naming.cache.ServiceInfoHolder do shutdown stop
2025-12-10T16:23:24.304+08:00  INFO 105083 --- [asset-service] [ionShutdownHook] com.alibaba.nacos.client.naming          : com.alibaba.nacos.client.naming.remote.NamingClientProxyDelegate do shutdown begin
2025-12-10T16:23:24.304+08:00  INFO 105083 --- [asset-service] [ionShutdownHook] com.alibaba.nacos.client.naming          : com.alibaba.nacos.client.naming.core.ServiceInfoUpdateService do shutdown begin
2025-12-10T16:23:24.304+08:00  INFO 105083 --- [asset-service] [ionShutdownHook] com.alibaba.nacos.client.naming          : com.alibaba.nacos.client.naming.core.ServiceInfoUpdateService do shutdown stop
2025-12-10T16:23:24.304+08:00  INFO 105083 --- [asset-service] [ionShutdownHook] com.alibaba.nacos.client.naming          : com.alibaba.nacos.client.naming.core.ServerListManager do shutdown begin
2025-12-10T16:23:24.304+08:00  WARN 105083 --- [asset-service] [ionShutdownHook] com.alibaba.nacos.client.naming          : [NamingHttpClientManager] Start destroying NacosRestTemplate
2025-12-10T16:23:24.304+08:00  WARN 105083 --- [asset-service] [ionShutdownHook] com.alibaba.nacos.client.naming          : [NamingHttpClientManager] Destruction of the end
2025-12-10T16:23:24.304+08:00  INFO 105083 --- [asset-service] [ionShutdownHook] com.alibaba.nacos.client.naming          : com.alibaba.nacos.client.naming.core.ServerListManager do shutdown stop
2025-12-10T16:23:24.304+08:00  INFO 105083 --- [asset-service] [ionShutdownHook] com.alibaba.nacos.client.naming          : com.alibaba.nacos.client.naming.remote.http.NamingHttpClientProxy do shutdown begin
2025-12-10T16:23:24.304+08:00  WARN 105083 --- [asset-service] [ionShutdownHook] com.alibaba.nacos.client.naming          : [NamingHttpClientManager] Start destroying NacosRestTemplate
2025-12-10T16:23:24.304+08:00  WARN 105083 --- [asset-service] [ionShutdownHook] com.alibaba.nacos.client.naming          : [NamingHttpClientManager] Destruction of the end
2025-12-10T16:23:24.304+08:00  INFO 105083 --- [asset-service] [ionShutdownHook] com.alibaba.nacos.client.naming          : com.alibaba.nacos.client.naming.remote.http.NamingHttpClientProxy do shutdown stop
2025-12-10T16:23:24.305+08:00  INFO 105083 --- [asset-service] [ionShutdownHook] com.alibaba.nacos.client.naming          : Shutdown naming grpc client proxy for  uuid->4be536e8-54c3-482e-a147-f520ab5e5850
2025-12-10T16:23:24.305+08:00  INFO 105083 --- [asset-service] [ionShutdownHook] com.alibaba.nacos.client.naming          : Shutdown grpc redo service executor java.util.concurrent.ScheduledThreadPoolExecutor@aa23f11[Running, pool size = 1, active threads = 0, queued tasks = 1, completed tasks = 113]
2025-12-10T16:23:24.305+08:00  INFO 105083 --- [asset-service] [ionShutdownHook] com.alibaba.nacos.common.remote.client   : Shutdown rpc client, set status to shutdown
2025-12-10T16:23:24.305+08:00  INFO 105083 --- [asset-service] [ionShutdownHook] com.alibaba.nacos.common.remote.client   : Shutdown client event executor java.util.concurrent.ScheduledThreadPoolExecutor@b3004e[Running, pool size = 2, active threads = 2, queued tasks = 0, completed tasks = 0]
2025-12-10T16:23:24.305+08:00  INFO 105083 --- [asset-service] [ionShutdownHook] com.alibaba.nacos.common.remote.client   : Close current connection 1765354663869_172.21.0.1_53202
2025-12-10T16:23:24.306+08:00  INFO 105083 --- [asset-service] [r-localhost-111] c.a.n.c.remote.client.grpc.GrpcClient    : [1765354663869_172.21.0.1_53202]Ignore complete event,isRunning:false,isAbandon=false
2025-12-10T16:23:24.309+08:00  INFO 105083 --- [asset-service] [ionShutdownHook] c.a.n.c.remote.client.grpc.GrpcClient    : Shutdown grpc executor java.util.concurrent.ThreadPoolExecutor@11069eac[Running, pool size = 9, active threads = 0, queued tasks = 0, completed tasks = 112]
2025-12-10T16:23:24.310+08:00  INFO 105083 --- [asset-service] [ionShutdownHook] com.alibaba.nacos.client.naming          : shutdown and remove naming rpc client  for uuid ->4be536e8-54c3-482e-a147-f520ab5e5850
2025-12-10T16:23:24.310+08:00  INFO 105083 --- [asset-service] [ionShutdownHook] c.a.n.c.a.r.identify.CredentialWatcher   : [null] CredentialWatcher is stopped
2025-12-10T16:23:24.310+08:00  INFO 105083 --- [asset-service] [ionShutdownHook] c.a.n.c.a.r.identify.CredentialService   : [null] CredentialService is freed
2025-12-10T16:23:24.310+08:00  INFO 105083 --- [asset-service] [ionShutdownHook] com.alibaba.nacos.client.naming          : com.alibaba.nacos.client.naming.remote.NamingClientProxyDelegate do shutdown stop
2025-12-10T16:23:24.312+08:00  INFO 105083 --- [asset-service] [ionShutdownHook] com.zaxxer.hikari.HikariDataSource       : HikariPool-1 - Shutdown initiated...
2025-12-10T16:23:24.316+08:00  INFO 105083 --- [asset-service] [ionShutdownHook] com.zaxxer.hikari.HikariDataSource       : HikariPool-1 - Shutdown completed.
