
  .   ____          _            __ _ _
 /\\ / ___'_ __ _ _(_)_ __  __ _ \ \ \ \
( ( )\___ | '_ | '_| | '_ \/ _` | \ \ \ \
 \\/  ___)| |_)| | | | | || (_| |  ) ) ) )
  '  |____| .__|_| |_|_| |_\__, | / / / /
 =========|_|==============|___/=/_/_/_/
 :: Spring Boot ::                (v3.2.5)

2025-12-10T16:17:37.456+08:00  INFO 105062 --- [asset-service] [           main] com.shenzhewei.asset.AssetApplication    : Starting AssetApplication using Java 21.0.9 with PID 105062 (/home/ryan/accont-book/microservices/asset-service/target/asset-service-1.0.0-SNAPSHOT.jar started by ryan in /home/ryan/accont-book)
2025-12-10T16:17:37.460+08:00 DEBUG 105062 --- [asset-service] [           main] com.shenzhewei.asset.AssetApplication    : Running with Spring Boot v3.2.5, Spring v6.1.6
2025-12-10T16:17:37.461+08:00  INFO 105062 --- [asset-service] [           main] com.shenzhewei.asset.AssetApplication    : No active profile set, falling back to 1 default profile: "default"
2025-12-10T16:17:38.771+08:00  INFO 105062 --- [asset-service] [           main] o.s.cloud.context.scope.GenericScope     : BeanFactory id=45f0fd52-ef36-32eb-9764-104ac94e5f46
2025-12-10T16:17:39.179+08:00  WARN 105062 --- [asset-service] [           main] trationDelegate$BeanPostProcessorChecker : Bean 'org.springframework.cloud.client.loadbalancer.LoadBalancerAutoConfiguration$LoadBalancerInterceptorConfig' of type [org.springframework.cloud.client.loadbalancer.LoadBalancerAutoConfiguration$LoadBalancerInterceptorConfig] is not eligible for getting processed by all BeanPostProcessors (for example: not eligible for auto-proxying). The currently created BeanPostProcessor [lbRestClientPostProcessor] is declared through a non-static factory method on that class; consider declaring it as static instead.
2025-12-10T16:17:39.184+08:00  WARN 105062 --- [asset-service] [           main] trationDelegate$BeanPostProcessorChecker : Bean 'org.springframework.cloud.loadbalancer.config.BlockingLoadBalancerClientAutoConfiguration' of type [org.springframework.cloud.loadbalancer.config.BlockingLoadBalancerClientAutoConfiguration] is not eligible for getting processed by all BeanPostProcessors (for example: not eligible for auto-proxying). Is this bean getting eagerly injected into a currently created BeanPostProcessor [lbRestClientPostProcessor]? Check the corresponding BeanPostProcessor declaration and its dependencies.
2025-12-10T16:17:39.186+08:00  WARN 105062 --- [asset-service] [           main] trationDelegate$BeanPostProcessorChecker : Bean 'org.springframework.cloud.loadbalancer.config.LoadBalancerAutoConfiguration' of type [org.springframework.cloud.loadbalancer.config.LoadBalancerAutoConfiguration] is not eligible for getting processed by all BeanPostProcessors (for example: not eligible for auto-proxying). Is this bean getting eagerly injected into a currently created BeanPostProcessor [lbRestClientPostProcessor]? Check the corresponding BeanPostProcessor declaration and its dependencies.
2025-12-10T16:17:39.203+08:00  WARN 105062 --- [asset-service] [           main] trationDelegate$BeanPostProcessorChecker : Bean 'org.springframework.cloud.commons.config.CommonsConfigAutoConfiguration' of type [org.springframework.cloud.commons.config.CommonsConfigAutoConfiguration] is not eligible for getting processed by all BeanPostProcessors (for example: not eligible for auto-proxying). Is this bean getting eagerly injected into a currently created BeanPostProcessor [lbRestClientPostProcessor]? Check the corresponding BeanPostProcessor declaration and its dependencies.
2025-12-10T16:17:39.208+08:00  WARN 105062 --- [asset-service] [           main] trationDelegate$BeanPostProcessorChecker : Bean 'org.springframework.cloud.client.loadbalancer.LoadBalancerDefaultMappingsProviderAutoConfiguration' of type [org.springframework.cloud.client.loadbalancer.LoadBalancerDefaultMappingsProviderAutoConfiguration] is not eligible for getting processed by all BeanPostProcessors (for example: not eligible for auto-proxying). Is this bean getting eagerly injected into a currently created BeanPostProcessor [lbRestClientPostProcessor]? Check the corresponding BeanPostProcessor declaration and its dependencies.
2025-12-10T16:17:39.210+08:00  WARN 105062 --- [asset-service] [           main] trationDelegate$BeanPostProcessorChecker : Bean 'loadBalancerClientsDefaultsMappingsProvider' of type [org.springframework.cloud.client.loadbalancer.LoadBalancerDefaultMappingsProviderAutoConfiguration$$Lambda/0x00007eccd44655b8] is not eligible for getting processed by all BeanPostProcessors (for example: not eligible for auto-proxying). Is this bean getting eagerly injected into a currently created BeanPostProcessor [lbRestClientPostProcessor]? Check the corresponding BeanPostProcessor declaration and its dependencies.
2025-12-10T16:17:39.213+08:00  WARN 105062 --- [asset-service] [           main] trationDelegate$BeanPostProcessorChecker : Bean 'defaultsBindHandlerAdvisor' of type [org.springframework.cloud.commons.config.DefaultsBindHandlerAdvisor] is not eligible for getting processed by all BeanPostProcessors (for example: not eligible for auto-proxying). Is this bean getting eagerly injected into a currently created BeanPostProcessor [lbRestClientPostProcessor]? Check the corresponding BeanPostProcessor declaration and its dependencies.
2025-12-10T16:17:39.227+08:00  WARN 105062 --- [asset-service] [           main] trationDelegate$BeanPostProcessorChecker : Bean 'spring.cloud.loadbalancer-org.springframework.cloud.client.loadbalancer.LoadBalancerClientsProperties' of type [org.springframework.cloud.client.loadbalancer.LoadBalancerClientsProperties] is not eligible for getting processed by all BeanPostProcessors (for example: not eligible for auto-proxying). Is this bean getting eagerly injected into a currently created BeanPostProcessor [lbRestClientPostProcessor]? Check the corresponding BeanPostProcessor declaration and its dependencies.
2025-12-10T16:17:39.237+08:00  WARN 105062 --- [asset-service] [           main] trationDelegate$BeanPostProcessorChecker : Bean 'default.org.springframework.cloud.loadbalancer.config.LoadBalancerAutoConfiguration.LoadBalancerClientSpecification' of type [org.springframework.cloud.loadbalancer.annotation.LoadBalancerClientSpecification] is not eligible for getting processed by all BeanPostProcessors (for example: not eligible for auto-proxying). Is this bean getting eagerly injected into a currently created BeanPostProcessor [lbRestClientPostProcessor]? Check the corresponding BeanPostProcessor declaration and its dependencies.
2025-12-10T16:17:39.242+08:00  WARN 105062 --- [asset-service] [           main] trationDelegate$BeanPostProcessorChecker : Bean 'default.org.springframework.cloud.loadbalancer.config.BlockingLoadBalancerClientAutoConfiguration.LoadBalancerClientSpecification' of type [org.springframework.cloud.loadbalancer.annotation.LoadBalancerClientSpecification] is not eligible for getting processed by all BeanPostProcessors (for example: not eligible for auto-proxying). Is this bean getting eagerly injected into a currently created BeanPostProcessor [lbRestClientPostProcessor]? Check the corresponding BeanPostProcessor declaration and its dependencies.
2025-12-10T16:17:39.244+08:00  WARN 105062 --- [asset-service] [           main] trationDelegate$BeanPostProcessorChecker : Bean 'loadBalancerClientFactory' of type [org.springframework.cloud.loadbalancer.support.LoadBalancerClientFactory] is not eligible for getting processed by all BeanPostProcessors (for example: not eligible for auto-proxying). Is this bean getting eagerly injected into a currently created BeanPostProcessor [lbRestClientPostProcessor]? Check the corresponding BeanPostProcessor declaration and its dependencies.
2025-12-10T16:17:39.253+08:00  WARN 105062 --- [asset-service] [           main] trationDelegate$BeanPostProcessorChecker : Bean 'blockingLoadBalancerClient' of type [org.springframework.cloud.loadbalancer.blocking.client.BlockingLoadBalancerClient] is not eligible for getting processed by all BeanPostProcessors (for example: not eligible for auto-proxying). Is this bean getting eagerly injected into a currently created BeanPostProcessor [lbRestClientPostProcessor]? Check the corresponding BeanPostProcessor declaration and its dependencies.
2025-12-10T16:17:39.269+08:00  WARN 105062 --- [asset-service] [           main] trationDelegate$BeanPostProcessorChecker : Bean 'loadBalancerServiceInstanceCookieTransformer' of type [org.springframework.cloud.loadbalancer.core.LoadBalancerServiceInstanceCookieTransformer] is not eligible for getting processed by all BeanPostProcessors (for example: not eligible for auto-proxying). Is this bean getting eagerly injected into a currently created BeanPostProcessor [lbRestClientPostProcessor]? Check the corresponding BeanPostProcessor declaration and its dependencies.
2025-12-10T16:17:39.274+08:00  WARN 105062 --- [asset-service] [           main] trationDelegate$BeanPostProcessorChecker : Bean 'xForwarderHeadersTransformer' of type [org.springframework.cloud.loadbalancer.blocking.XForwardedHeadersTransformer] is not eligible for getting processed by all BeanPostProcessors (for example: not eligible for auto-proxying). Is this bean getting eagerly injected into a currently created BeanPostProcessor [lbRestClientPostProcessor]? Check the corresponding BeanPostProcessor declaration and its dependencies.
2025-12-10T16:17:39.278+08:00  WARN 105062 --- [asset-service] [           main] trationDelegate$BeanPostProcessorChecker : Bean 'org.springframework.cloud.client.loadbalancer.LoadBalancerAutoConfiguration' of type [org.springframework.cloud.client.loadbalancer.LoadBalancerAutoConfiguration] is not eligible for getting processed by all BeanPostProcessors (for example: not eligible for auto-proxying). Is this bean getting eagerly injected into a currently created BeanPostProcessor [lbRestClientPostProcessor]? Check the corresponding BeanPostProcessor declaration and its dependencies.
2025-12-10T16:17:39.282+08:00  WARN 105062 --- [asset-service] [           main] trationDelegate$BeanPostProcessorChecker : Bean 'loadBalancerRequestFactory' of type [org.springframework.cloud.client.loadbalancer.LoadBalancerRequestFactory] is not eligible for getting processed by all BeanPostProcessors (for example: not eligible for auto-proxying). Is this bean getting eagerly injected into a currently created BeanPostProcessor [lbRestClientPostProcessor]? Check the corresponding BeanPostProcessor declaration and its dependencies.
2025-12-10T16:17:39.285+08:00  WARN 105062 --- [asset-service] [           main] trationDelegate$BeanPostProcessorChecker : Bean 'loadBalancerInterceptor' of type [org.springframework.cloud.client.loadbalancer.LoadBalancerInterceptor] is not eligible for getting processed by all BeanPostProcessors (for example: not eligible for auto-proxying). Is this bean getting eagerly injected into a currently created BeanPostProcessor [lbRestClientPostProcessor]? Check the corresponding BeanPostProcessor declaration and its dependencies.
2025-12-10T16:17:39.659+08:00  INFO 105062 --- [asset-service] [           main] o.s.b.w.embedded.tomcat.TomcatWebServer  : Tomcat initialized with port 18082 (http)
2025-12-10T16:17:39.684+08:00  INFO 105062 --- [asset-service] [           main] o.apache.catalina.core.StandardService   : Starting service [Tomcat]
2025-12-10T16:17:39.684+08:00  INFO 105062 --- [asset-service] [           main] o.apache.catalina.core.StandardEngine    : Starting Servlet engine: [Apache Tomcat/10.1.20]
2025-12-10T16:17:39.744+08:00  INFO 105062 --- [asset-service] [           main] o.a.c.c.C.[Tomcat].[localhost].[/]       : Initializing Spring embedded WebApplicationContext
2025-12-10T16:17:39.745+08:00  INFO 105062 --- [asset-service] [           main] w.s.c.ServletWebServerApplicationContext : Root WebApplicationContext: initialization completed in 2165 ms
2025-12-10T16:17:42.033+08:00  INFO 105062 --- [asset-service] [           main] o.s.cloud.commons.util.InetUtils         : Cannot determine local hostname
2025-12-10T16:17:43.352+08:00  INFO 105062 --- [asset-service] [           main] o.s.cloud.commons.util.InetUtils         : Cannot determine local hostname
2025-12-10T16:17:43.375+08:00  WARN 105062 --- [asset-service] [           main] iguration$LoadBalancerCaffeineWarnLogger : Spring Cloud LoadBalancer is currently working with the default cache. While this cache implementation is useful for development and tests, it's recommended to use Caffeine cache in production.You can switch to using Caffeine cache, by adding it and org.springframework.cache.caffeine.CaffeineCacheManager to the classpath.
2025-12-10T16:17:43.398+08:00  INFO 105062 --- [asset-service] [           main] o.s.b.a.e.web.EndpointLinksResolver      : Exposing 2 endpoint(s) beneath base path '/actuator'
2025-12-10T16:17:43.447+08:00  INFO 105062 --- [asset-service] [           main] o.s.b.w.embedded.tomcat.TomcatWebServer  : Tomcat started on port 18082 (http) with context path ''
2025-12-10T16:17:43.453+08:00  INFO 105062 --- [asset-service] [           main] com.alibaba.nacos.client.naming          : initializer namespace from ans.namespace attribute : null
2025-12-10T16:17:43.456+08:00  INFO 105062 --- [asset-service] [       Thread-3] c.a.n.c.a.r.identify.CredentialWatcher   : null No credential found
2025-12-10T16:17:43.456+08:00  INFO 105062 --- [asset-service] [           main] com.alibaba.nacos.client.naming          : initializer namespace from ALIBABA_ALIWARE_NAMESPACE attribute :null
2025-12-10T16:17:43.457+08:00  INFO 105062 --- [asset-service] [           main] com.alibaba.nacos.client.naming          : initializer namespace from namespace attribute :null
2025-12-10T16:17:43.476+08:00  INFO 105062 --- [asset-service] [           main] c.alibaba.nacos.client.utils.ParamUtil   : [settings] [req-serv] nacos-server port:8848
2025-12-10T16:17:43.477+08:00  INFO 105062 --- [asset-service] [           main] c.alibaba.nacos.client.utils.ParamUtil   : [settings] [http-client] connect timeout:1000
2025-12-10T16:17:43.477+08:00  INFO 105062 --- [asset-service] [           main] c.alibaba.nacos.client.utils.ParamUtil   : PER_TASK_CONFIG_SIZE: 3000.0
2025-12-10T16:17:43.480+08:00  INFO 105062 --- [asset-service] [           main] c.a.n.p.a.s.c.ClientAuthPluginManager    : [ClientAuthPluginManager] Load ClientAuthService com.alibaba.nacos.client.auth.impl.NacosClientAuthServiceImpl success.
2025-12-10T16:17:43.480+08:00  INFO 105062 --- [asset-service] [           main] c.a.n.p.a.s.c.ClientAuthPluginManager    : [ClientAuthPluginManager] Load ClientAuthService com.alibaba.nacos.client.auth.ram.RamClientAuthServiceImpl success.
2025-12-10T16:17:43.488+08:00  INFO 105062 --- [asset-service] [           main] com.alibaba.nacos.common.remote.client   : [RpcClientFactory] create a new rpc client of 8b8a3da8-dc26-4ca6-8fac-e2ca7a38ba1d
2025-12-10T16:17:43.508+08:00  INFO 105062 --- [asset-service] [           main] com.alibaba.nacos.client.naming          : Create naming rpc client for uuid->8b8a3da8-dc26-4ca6-8fac-e2ca7a38ba1d
2025-12-10T16:17:43.508+08:00  INFO 105062 --- [asset-service] [           main] com.alibaba.nacos.common.remote.client   : [8b8a3da8-dc26-4ca6-8fac-e2ca7a38ba1d] RpcClient init, ServerListFactory = com.alibaba.nacos.client.naming.core.ServerListManager
2025-12-10T16:17:43.508+08:00  INFO 105062 --- [asset-service] [           main] com.alibaba.nacos.common.remote.client   : [8b8a3da8-dc26-4ca6-8fac-e2ca7a38ba1d] Registry connection listener to current client:com.alibaba.nacos.client.naming.remote.gprc.redo.NamingGrpcRedoService
2025-12-10T16:17:43.509+08:00  INFO 105062 --- [asset-service] [           main] com.alibaba.nacos.common.remote.client   : [8b8a3da8-dc26-4ca6-8fac-e2ca7a38ba1d] Register server push request handler:com.alibaba.nacos.client.naming.remote.gprc.NamingPushRequestHandler
2025-12-10T16:17:43.512+08:00  INFO 105062 --- [asset-service] [           main] com.alibaba.nacos.common.remote.client   : [8b8a3da8-dc26-4ca6-8fac-e2ca7a38ba1d] Try to connect to server on start up, server: {serverIp = 'localhost', server main port = 8848}
2025-12-10T16:17:43.543+08:00  INFO 105062 --- [asset-service] [           main] c.a.n.c.remote.client.grpc.GrpcClient    : grpc client connection server:localhost ip,serverPort:9848,grpcTslConfig:{"sslProvider":"","enableTls":false,"mutualAuthEnable":false,"trustAll":false}
2025-12-10T16:17:43.922+08:00  INFO 105062 --- [asset-service] [           main] c.a.n.c.a.AbstractAbilityControlManager  : Ready to get current node abilities...
2025-12-10T16:17:43.923+08:00  INFO 105062 --- [asset-service] [           main] c.a.n.c.a.AbstractAbilityControlManager  : Ready to initialize current node abilities, support modes: [SDK_CLIENT]
2025-12-10T16:17:43.923+08:00  INFO 105062 --- [asset-service] [           main] c.a.n.c.a.AbstractAbilityControlManager  : Initialize current abilities finish...
2025-12-10T16:17:43.924+08:00  INFO 105062 --- [asset-service] [           main] c.a.n.c.a.d.NacosAbilityManagerHolder    : [AbilityControlManager] Successfully initialize AbilityControlManager
2025-12-10T16:17:43.939+08:00  INFO 105062 --- [asset-service] [           main] com.alibaba.nacos.common.remote.client   : [8b8a3da8-dc26-4ca6-8fac-e2ca7a38ba1d] Success to connect to server [localhost:8848] on start up, connectionId = 1765354663863_172.21.0.1_53190
2025-12-10T16:17:43.940+08:00  INFO 105062 --- [asset-service] [t.remote.worker] com.alibaba.nacos.common.remote.client   : [8b8a3da8-dc26-4ca6-8fac-e2ca7a38ba1d] Notify connected event to listeners.
2025-12-10T16:17:43.940+08:00  INFO 105062 --- [asset-service] [t.remote.worker] com.alibaba.nacos.client.naming          : Grpc connection connect
2025-12-10T16:17:43.940+08:00  INFO 105062 --- [asset-service] [           main] com.alibaba.nacos.common.remote.client   : [8b8a3da8-dc26-4ca6-8fac-e2ca7a38ba1d] Register server push request handler:com.alibaba.nacos.common.remote.client.RpcClient$ConnectResetRequestHandler
2025-12-10T16:17:43.940+08:00  INFO 105062 --- [asset-service] [           main] com.alibaba.nacos.common.remote.client   : [8b8a3da8-dc26-4ca6-8fac-e2ca7a38ba1d] Register server push request handler:com.alibaba.nacos.common.remote.client.RpcClient$$Lambda/0x00007eccd4797a48
2025-12-10T16:17:43.941+08:00  INFO 105062 --- [asset-service] [           main] com.alibaba.nacos.client.naming          : [REGISTER-SERVICE] public registering service asset-service with instance Instance{instanceId='null', ip='10.255.255.254', port=18082, weight=1.0, healthy=true, enabled=true, ephemeral=true, clusterName='DEFAULT', serviceName='null', metadata={IPv6=null, preserved.register.source=SPRING_CLOUD}}
2025-12-10T16:17:43.954+08:00  INFO 105062 --- [asset-service] [           main] c.a.c.n.registry.NacosServiceRegistry    : nacos registry, DEFAULT_GROUP asset-service 10.255.255.254:18082 register finished
2025-12-10T16:17:44.955+08:00  INFO 105062 --- [asset-service] [           main] o.s.cloud.commons.util.InetUtils         : Cannot determine local hostname
2025-12-10T16:17:44.964+08:00  INFO 105062 --- [asset-service] [           main] com.shenzhewei.asset.AssetApplication    : Started AssetApplication in 8.99 seconds (process running for 9.442)
2025-12-10T16:17:50.621+08:00  INFO 105062 --- [asset-service] [io-18082-exec-1] o.a.c.c.C.[Tomcat].[localhost].[/]       : Initializing Spring DispatcherServlet 'dispatcherServlet'
2025-12-10T16:17:50.621+08:00  INFO 105062 --- [asset-service] [io-18082-exec-1] o.s.web.servlet.DispatcherServlet        : Initializing Servlet 'dispatcherServlet'
2025-12-10T16:17:50.622+08:00  INFO 105062 --- [asset-service] [io-18082-exec-1] o.s.web.servlet.DispatcherServlet        : Completed initialization in 1 ms
2025-12-10T16:17:50.657+08:00  INFO 105062 --- [asset-service] [io-18082-exec-1] com.zaxxer.hikari.HikariDataSource       : HikariPool-1 - Starting...
2025-12-10T16:17:50.758+08:00  INFO 105062 --- [asset-service] [io-18082-exec-1] com.zaxxer.hikari.pool.HikariPool        : HikariPool-1 - Added connection com.mysql.cj.jdbc.ConnectionImpl@7ff20f1b
2025-12-10T16:17:50.761+08:00  INFO 105062 --- [asset-service] [io-18082-exec-1] com.zaxxer.hikari.HikariDataSource       : HikariPool-1 - Start completed.
2025-12-10T16:17:56.192+08:00 DEBUG 105062 --- [asset-service] [io-18082-exec-2] c.s.asset.mapper.AssetMapper.findById    : ==>  Preparing: SELECT id, user_id, name, balance, version, create_time FROM tb_asset WHERE id = ?
2025-12-10T16:17:56.216+08:00 DEBUG 105062 --- [asset-service] [io-18082-exec-2] c.s.asset.mapper.AssetMapper.findById    : ==> Parameters: 1(Long)
2025-12-10T16:17:56.243+08:00 DEBUG 105062 --- [asset-service] [io-18082-exec-2] c.s.asset.mapper.AssetMapper.findById    : <==      Total: 1
2025-12-10T16:17:56.329+08:00 DEBUG 105062 --- [asset-service] [io-18082-exec-3] c.s.asset.mapper.AssetMapper.findById    : ==>  Preparing: SELECT id, user_id, name, balance, version, create_time FROM tb_asset WHERE id = ?
2025-12-10T16:17:56.329+08:00 DEBUG 105062 --- [asset-service] [io-18082-exec-3] c.s.asset.mapper.AssetMapper.findById    : ==> Parameters: 1(Long)
2025-12-10T16:17:56.331+08:00 DEBUG 105062 --- [asset-service] [io-18082-exec-3] c.s.asset.mapper.AssetMapper.findById    : <==      Total: 1
2025-12-10T16:17:56.403+08:00 DEBUG 105062 --- [asset-service] [io-18082-exec-4] c.s.asset.mapper.AssetMapper.findById    : ==>  Preparing: SELECT id, user_id, name, balance, version, create_time FROM tb_asset WHERE id = ?
2025-12-10T16:17:56.404+08:00 DEBUG 105062 --- [asset-service] [io-18082-exec-4] c.s.asset.mapper.AssetMapper.findById    : ==> Parameters: 1(Long)
2025-12-10T16:17:56.405+08:00 DEBUG 105062 --- [asset-service] [io-18082-exec-4] c.s.asset.mapper.AssetMapper.findById    : <==      Total: 1
2025-12-10T16:17:56.473+08:00 DEBUG 105062 --- [asset-service] [io-18082-exec-5] c.s.asset.mapper.AssetMapper.findById    : ==>  Preparing: SELECT id, user_id, name, balance, version, create_time FROM tb_asset WHERE id = ?
2025-12-10T16:17:56.474+08:00 DEBUG 105062 --- [asset-service] [io-18082-exec-5] c.s.asset.mapper.AssetMapper.findById    : ==> Parameters: 1(Long)
2025-12-10T16:17:56.475+08:00 DEBUG 105062 --- [asset-service] [io-18082-exec-5] c.s.asset.mapper.AssetMapper.findById    : <==      Total: 1
2025-12-10T16:17:56.546+08:00 DEBUG 105062 --- [asset-service] [io-18082-exec-6] c.s.asset.mapper.AssetMapper.findById    : ==>  Preparing: SELECT id, user_id, name, balance, version, create_time FROM tb_asset WHERE id = ?
2025-12-10T16:17:56.546+08:00 DEBUG 105062 --- [asset-service] [io-18082-exec-6] c.s.asset.mapper.AssetMapper.findById    : ==> Parameters: 1(Long)
2025-12-10T16:17:56.548+08:00 DEBUG 105062 --- [asset-service] [io-18082-exec-6] c.s.asset.mapper.AssetMapper.findById    : <==      Total: 1
2025-12-10T16:17:56.615+08:00 DEBUG 105062 --- [asset-service] [io-18082-exec-7] c.s.asset.mapper.AssetMapper.findById    : ==>  Preparing: SELECT id, user_id, name, balance, version, create_time FROM tb_asset WHERE id = ?
2025-12-10T16:17:56.615+08:00 DEBUG 105062 --- [asset-service] [io-18082-exec-7] c.s.asset.mapper.AssetMapper.findById    : ==> Parameters: 1(Long)
2025-12-10T16:17:56.617+08:00 DEBUG 105062 --- [asset-service] [io-18082-exec-7] c.s.asset.mapper.AssetMapper.findById    : <==      Total: 1
2025-12-10T16:17:56.682+08:00 DEBUG 105062 --- [asset-service] [io-18082-exec-8] c.s.asset.mapper.AssetMapper.findById    : ==>  Preparing: SELECT id, user_id, name, balance, version, create_time FROM tb_asset WHERE id = ?
2025-12-10T16:17:56.682+08:00 DEBUG 105062 --- [asset-service] [io-18082-exec-8] c.s.asset.mapper.AssetMapper.findById    : ==> Parameters: 1(Long)
2025-12-10T16:17:56.683+08:00 DEBUG 105062 --- [asset-service] [io-18082-exec-8] c.s.asset.mapper.AssetMapper.findById    : <==      Total: 1
2025-12-10T16:17:56.747+08:00 DEBUG 105062 --- [asset-service] [io-18082-exec-9] c.s.asset.mapper.AssetMapper.findById    : ==>  Preparing: SELECT id, user_id, name, balance, version, create_time FROM tb_asset WHERE id = ?
2025-12-10T16:17:56.747+08:00 DEBUG 105062 --- [asset-service] [io-18082-exec-9] c.s.asset.mapper.AssetMapper.findById    : ==> Parameters: 1(Long)
2025-12-10T16:17:56.749+08:00 DEBUG 105062 --- [asset-service] [io-18082-exec-9] c.s.asset.mapper.AssetMapper.findById    : <==      Total: 1
2025-12-10T16:17:56.814+08:00 DEBUG 105062 --- [asset-service] [o-18082-exec-10] c.s.asset.mapper.AssetMapper.findById    : ==>  Preparing: SELECT id, user_id, name, balance, version, create_time FROM tb_asset WHERE id = ?
2025-12-10T16:17:56.814+08:00 DEBUG 105062 --- [asset-service] [o-18082-exec-10] c.s.asset.mapper.AssetMapper.findById    : ==> Parameters: 1(Long)
2025-12-10T16:17:56.815+08:00 DEBUG 105062 --- [asset-service] [o-18082-exec-10] c.s.asset.mapper.AssetMapper.findById    : <==      Total: 1
2025-12-10T16:17:56.880+08:00 DEBUG 105062 --- [asset-service] [io-18082-exec-1] c.s.asset.mapper.AssetMapper.findById    : ==>  Preparing: SELECT id, user_id, name, balance, version, create_time FROM tb_asset WHERE id = ?
2025-12-10T16:17:56.880+08:00 DEBUG 105062 --- [asset-service] [io-18082-exec-1] c.s.asset.mapper.AssetMapper.findById    : ==> Parameters: 1(Long)
2025-12-10T16:17:56.882+08:00 DEBUG 105062 --- [asset-service] [io-18082-exec-1] c.s.asset.mapper.AssetMapper.findById    : <==      Total: 1
2025-12-10T16:17:56.913+08:00 DEBUG 105062 --- [asset-service] [io-18082-exec-2] c.s.asset.mapper.AssetMapper.findById    : ==>  Preparing: SELECT id, user_id, name, balance, version, create_time FROM tb_asset WHERE id = ?
2025-12-10T16:17:56.914+08:00 DEBUG 105062 --- [asset-service] [io-18082-exec-2] c.s.asset.mapper.AssetMapper.findById    : ==> Parameters: 1(Long)
2025-12-10T16:17:56.916+08:00 DEBUG 105062 --- [asset-service] [io-18082-exec-6] c.s.asset.mapper.AssetMapper.findById    : ==>  Preparing: SELECT id, user_id, name, balance, version, create_time FROM tb_asset WHERE id = ?
2025-12-10T16:17:56.916+08:00 DEBUG 105062 --- [asset-service] [io-18082-exec-5] c.s.asset.mapper.AssetMapper.findById    : ==>  Preparing: SELECT id, user_id, name, balance, version, create_time FROM tb_asset WHERE id = ?
2025-12-10T16:17:56.916+08:00 DEBUG 105062 --- [asset-service] [io-18082-exec-6] c.s.asset.mapper.AssetMapper.findById    : ==> Parameters: 1(Long)
2025-12-10T16:17:56.916+08:00 DEBUG 105062 --- [asset-service] [io-18082-exec-4] c.s.asset.mapper.AssetMapper.findById    : ==>  Preparing: SELECT id, user_id, name, balance, version, create_time FROM tb_asset WHERE id = ?
2025-12-10T16:17:56.917+08:00 DEBUG 105062 --- [asset-service] [io-18082-exec-4] c.s.asset.mapper.AssetMapper.findById    : ==> Parameters: 1(Long)
2025-12-10T16:17:56.917+08:00 DEBUG 105062 --- [asset-service] [io-18082-exec-7] c.s.asset.mapper.AssetMapper.findById    : ==>  Preparing: SELECT id, user_id, name, balance, version, create_time FROM tb_asset WHERE id = ?
2025-12-10T16:17:56.917+08:00 DEBUG 105062 --- [asset-service] [io-18082-exec-5] c.s.asset.mapper.AssetMapper.findById    : ==> Parameters: 1(Long)
2025-12-10T16:17:56.917+08:00 DEBUG 105062 --- [asset-service] [io-18082-exec-7] c.s.asset.mapper.AssetMapper.findById    : ==> Parameters: 1(Long)
2025-12-10T16:17:56.922+08:00 DEBUG 105062 --- [asset-service] [io-18082-exec-7] c.s.asset.mapper.AssetMapper.findById    : <==      Total: 1
2025-12-10T16:17:56.922+08:00 DEBUG 105062 --- [asset-service] [io-18082-exec-4] c.s.asset.mapper.AssetMapper.findById    : <==      Total: 1
2025-12-10T16:17:56.922+08:00 DEBUG 105062 --- [asset-service] [io-18082-exec-6] c.s.asset.mapper.AssetMapper.findById    : <==      Total: 1
2025-12-10T16:17:56.923+08:00 DEBUG 105062 --- [asset-service] [io-18082-exec-3] c.s.asset.mapper.AssetMapper.findById    : ==>  Preparing: SELECT id, user_id, name, balance, version, create_time FROM tb_asset WHERE id = ?
2025-12-10T16:17:56.923+08:00 DEBUG 105062 --- [asset-service] [io-18082-exec-8] c.s.asset.mapper.AssetMapper.findById    : ==>  Preparing: SELECT id, user_id, name, balance, version, create_time FROM tb_asset WHERE id = ?
2025-12-10T16:17:56.924+08:00 DEBUG 105062 --- [asset-service] [io-18082-exec-3] c.s.asset.mapper.AssetMapper.findById    : ==> Parameters: 1(Long)
2025-12-10T16:17:56.924+08:00 DEBUG 105062 --- [asset-service] [io-18082-exec-8] c.s.asset.mapper.AssetMapper.findById    : ==> Parameters: 1(Long)
2025-12-10T16:17:56.925+08:00 DEBUG 105062 --- [asset-service] [io-18082-exec-2] c.s.asset.mapper.AssetMapper.findById    : <==      Total: 1
2025-12-10T16:17:56.922+08:00 DEBUG 105062 --- [asset-service] [io-18082-exec-5] c.s.asset.mapper.AssetMapper.findById    : <==      Total: 1
2025-12-10T16:17:56.926+08:00 DEBUG 105062 --- [asset-service] [io-18082-exec-8] c.s.asset.mapper.AssetMapper.findById    : <==      Total: 1
2025-12-10T16:17:56.927+08:00 DEBUG 105062 --- [asset-service] [io-18082-exec-9] c.s.asset.mapper.AssetMapper.findById    : ==>  Preparing: SELECT id, user_id, name, balance, version, create_time FROM tb_asset WHERE id = ?
2025-12-10T16:17:56.928+08:00 DEBUG 105062 --- [asset-service] [o-18082-exec-10] c.s.asset.mapper.AssetMapper.findById    : ==>  Preparing: SELECT id, user_id, name, balance, version, create_time FROM tb_asset WHERE id = ?
2025-12-10T16:17:56.928+08:00 DEBUG 105062 --- [asset-service] [io-18082-exec-9] c.s.asset.mapper.AssetMapper.findById    : ==> Parameters: 1(Long)
2025-12-10T16:17:56.928+08:00 DEBUG 105062 --- [asset-service] [o-18082-exec-10] c.s.asset.mapper.AssetMapper.findById    : ==> Parameters: 1(Long)
2025-12-10T16:17:56.930+08:00 DEBUG 105062 --- [asset-service] [io-18082-exec-9] c.s.asset.mapper.AssetMapper.findById    : <==      Total: 1
2025-12-10T16:17:56.930+08:00 DEBUG 105062 --- [asset-service] [o-18082-exec-10] c.s.asset.mapper.AssetMapper.findById    : <==      Total: 1
2025-12-10T16:17:56.935+08:00 DEBUG 105062 --- [asset-service] [io-18082-exec-3] c.s.asset.mapper.AssetMapper.findById    : <==      Total: 1
2025-12-10T16:17:56.938+08:00 DEBUG 105062 --- [asset-service] [io-18082-exec-7] c.s.asset.mapper.AssetMapper.findById    : ==>  Preparing: SELECT id, user_id, name, balance, version, create_time FROM tb_asset WHERE id = ?
2025-12-10T16:17:56.939+08:00 DEBUG 105062 --- [asset-service] [io-18082-exec-7] c.s.asset.mapper.AssetMapper.findById    : ==> Parameters: 1(Long)
2025-12-10T16:17:56.938+08:00 DEBUG 105062 --- [asset-service] [io-18082-exec-4] c.s.asset.mapper.AssetMapper.findById    : ==>  Preparing: SELECT id, user_id, name, balance, version, create_time FROM tb_asset WHERE id = ?
2025-12-10T16:17:56.938+08:00 DEBUG 105062 --- [asset-service] [io-18082-exec-1] c.s.asset.mapper.AssetMapper.findById    : ==>  Preparing: SELECT id, user_id, name, balance, version, create_time FROM tb_asset WHERE id = ?
2025-12-10T16:17:56.940+08:00 DEBUG 105062 --- [asset-service] [io-18082-exec-7] c.s.asset.mapper.AssetMapper.findById    : <==      Total: 1
2025-12-10T16:17:56.940+08:00 DEBUG 105062 --- [asset-service] [io-18082-exec-1] c.s.asset.mapper.AssetMapper.findById    : ==> Parameters: 1(Long)
2025-12-10T16:17:56.941+08:00 DEBUG 105062 --- [asset-service] [io-18082-exec-4] c.s.asset.mapper.AssetMapper.findById    : ==> Parameters: 1(Long)
2025-12-10T16:17:56.942+08:00 DEBUG 105062 --- [asset-service] [io-18082-exec-6] c.s.asset.mapper.AssetMapper.findById    : ==>  Preparing: SELECT id, user_id, name, balance, version, create_time FROM tb_asset WHERE id = ?
2025-12-10T16:17:56.942+08:00 DEBUG 105062 --- [asset-service] [io-18082-exec-2] c.s.asset.mapper.AssetMapper.findById    : ==>  Preparing: SELECT id, user_id, name, balance, version, create_time FROM tb_asset WHERE id = ?
2025-12-10T16:17:56.942+08:00 DEBUG 105062 --- [asset-service] [io-18082-exec-6] c.s.asset.mapper.AssetMapper.findById    : ==> Parameters: 1(Long)
2025-12-10T16:17:56.942+08:00 DEBUG 105062 --- [asset-service] [io-18082-exec-2] c.s.asset.mapper.AssetMapper.findById    : ==> Parameters: 1(Long)
2025-12-10T16:17:56.943+08:00 DEBUG 105062 --- [asset-service] [io-18082-exec-1] c.s.asset.mapper.AssetMapper.findById    : <==      Total: 1
2025-12-10T16:17:56.945+08:00 DEBUG 105062 --- [asset-service] [io-18082-exec-4] c.s.asset.mapper.AssetMapper.findById    : <==      Total: 1
2025-12-10T16:17:56.946+08:00 DEBUG 105062 --- [asset-service] [io-18082-exec-2] c.s.asset.mapper.AssetMapper.findById    : <==      Total: 1
2025-12-10T16:17:56.946+08:00 DEBUG 105062 --- [asset-service] [io-18082-exec-6] c.s.asset.mapper.AssetMapper.findById    : <==      Total: 1
2025-12-10T16:17:56.950+08:00 DEBUG 105062 --- [asset-service] [io-18082-exec-4] c.s.asset.mapper.AssetMapper.findById    : ==>  Preparing: SELECT id, user_id, name, balance, version, create_time FROM tb_asset WHERE id = ?
2025-12-10T16:17:56.951+08:00 DEBUG 105062 --- [asset-service] [io-18082-exec-4] c.s.asset.mapper.AssetMapper.findById    : ==> Parameters: 1(Long)
2025-12-10T16:17:56.953+08:00 DEBUG 105062 --- [asset-service] [io-18082-exec-4] c.s.asset.mapper.AssetMapper.findById    : <==      Total: 1
2025-12-10T16:17:56.955+08:00 DEBUG 105062 --- [asset-service] [io-18082-exec-5] c.s.asset.mapper.AssetMapper.findById    : ==>  Preparing: SELECT id, user_id, name, balance, version, create_time FROM tb_asset WHERE id = ?
2025-12-10T16:17:56.955+08:00 DEBUG 105062 --- [asset-service] [io-18082-exec-5] c.s.asset.mapper.AssetMapper.findById    : ==> Parameters: 1(Long)
2025-12-10T16:17:56.956+08:00 DEBUG 105062 --- [asset-service] [io-18082-exec-5] c.s.asset.mapper.AssetMapper.findById    : <==      Total: 1
2025-12-10T16:23:24.287+08:00  WARN 105062 --- [asset-service] [       Thread-8] c.a.n.common.http.HttpClientBeanHolder   : [HttpClientBeanHolder] Start destroying common HttpClient
2025-12-10T16:23:24.287+08:00  WARN 105062 --- [asset-service] [       Thread-5] c.a.nacos.common.notify.NotifyCenter     : [NotifyCenter] Start destroying Publisher
2025-12-10T16:23:24.287+08:00  WARN 105062 --- [asset-service] [       Thread-5] c.a.nacos.common.notify.NotifyCenter     : [NotifyCenter] Destruction of the end
2025-12-10T16:23:24.287+08:00  WARN 105062 --- [asset-service] [       Thread-8] c.a.n.common.http.HttpClientBeanHolder   : [HttpClientBeanHolder] Destruction of the end
2025-12-10T16:23:24.295+08:00  INFO 105062 --- [asset-service] [ionShutdownHook] c.a.c.n.registry.NacosServiceRegistry    : De-registering from Nacos Server now...
2025-12-10T16:23:24.295+08:00  INFO 105062 --- [asset-service] [ionShutdownHook] com.alibaba.nacos.client.naming          : [DEREGISTER-SERVICE] public deregistering service asset-service with instance: Instance{instanceId='null', ip='10.255.255.254', port=18082, weight=1.0, healthy=true, enabled=true, ephemeral=true, clusterName='DEFAULT', serviceName='null', metadata={}}
2025-12-10T16:23:24.300+08:00  INFO 105062 --- [asset-service] [ionShutdownHook] c.a.c.n.registry.NacosServiceRegistry    : De-registration finished.
2025-12-10T16:23:24.301+08:00  INFO 105062 --- [asset-service] [ionShutdownHook] com.alibaba.nacos.client.naming          : com.alibaba.nacos.client.naming.cache.ServiceInfoHolder do shutdown begin
2025-12-10T16:23:24.301+08:00  INFO 105062 --- [asset-service] [ionShutdownHook] com.alibaba.nacos.client.naming          : com.alibaba.nacos.client.naming.backups.FailoverReactor do shutdown begin
2025-12-10T16:23:24.302+08:00  INFO 105062 --- [asset-service] [ionShutdownHook] com.alibaba.nacos.client.naming          : com.alibaba.nacos.client.naming.backups.FailoverReactor do shutdown stop
2025-12-10T16:23:24.302+08:00  INFO 105062 --- [asset-service] [ionShutdownHook] com.alibaba.nacos.client.naming          : com.alibaba.nacos.client.naming.cache.ServiceInfoHolder do shutdown stop
2025-12-10T16:23:24.302+08:00  INFO 105062 --- [asset-service] [ionShutdownHook] com.alibaba.nacos.client.naming          : com.alibaba.nacos.client.naming.remote.NamingClientProxyDelegate do shutdown begin
2025-12-10T16:23:24.302+08:00  INFO 105062 --- [asset-service] [ionShutdownHook] com.alibaba.nacos.client.naming          : com.alibaba.nacos.client.naming.core.ServiceInfoUpdateService do shutdown begin
2025-12-10T16:23:24.302+08:00  INFO 105062 --- [asset-service] [ionShutdownHook] com.alibaba.nacos.client.naming          : com.alibaba.nacos.client.naming.core.ServiceInfoUpdateService do shutdown stop
2025-12-10T16:23:24.302+08:00  INFO 105062 --- [asset-service] [ionShutdownHook] com.alibaba.nacos.client.naming          : com.alibaba.nacos.client.naming.core.ServerListManager do shutdown begin
2025-12-10T16:23:24.302+08:00  WARN 105062 --- [asset-service] [ionShutdownHook] com.alibaba.nacos.client.naming          : [NamingHttpClientManager] Start destroying NacosRestTemplate
2025-12-10T16:23:24.302+08:00  WARN 105062 --- [asset-service] [ionShutdownHook] com.alibaba.nacos.client.naming          : [NamingHttpClientManager] Destruction of the end
2025-12-10T16:23:24.302+08:00  INFO 105062 --- [asset-service] [ionShutdownHook] com.alibaba.nacos.client.naming          : com.alibaba.nacos.client.naming.core.ServerListManager do shutdown stop
2025-12-10T16:23:24.302+08:00  INFO 105062 --- [asset-service] [ionShutdownHook] com.alibaba.nacos.client.naming          : com.alibaba.nacos.client.naming.remote.http.NamingHttpClientProxy do shutdown begin
2025-12-10T16:23:24.302+08:00  WARN 105062 --- [asset-service] [ionShutdownHook] com.alibaba.nacos.client.naming          : [NamingHttpClientManager] Start destroying NacosRestTemplate
2025-12-10T16:23:24.302+08:00  WARN 105062 --- [asset-service] [ionShutdownHook] com.alibaba.nacos.client.naming          : [NamingHttpClientManager] Destruction of the end
2025-12-10T16:23:24.302+08:00  INFO 105062 --- [asset-service] [ionShutdownHook] com.alibaba.nacos.client.naming          : com.alibaba.nacos.client.naming.remote.http.NamingHttpClientProxy do shutdown stop
2025-12-10T16:23:24.302+08:00  INFO 105062 --- [asset-service] [ionShutdownHook] com.alibaba.nacos.client.naming          : Shutdown naming grpc client proxy for  uuid->8b8a3da8-dc26-4ca6-8fac-e2ca7a38ba1d
2025-12-10T16:23:24.302+08:00  INFO 105062 --- [asset-service] [ionShutdownHook] com.alibaba.nacos.client.naming          : Shutdown grpc redo service executor java.util.concurrent.ScheduledThreadPoolExecutor@4e6280de[Running, pool size = 1, active threads = 0, queued tasks = 1, completed tasks = 113]
2025-12-10T16:23:24.303+08:00  INFO 105062 --- [asset-service] [ionShutdownHook] com.alibaba.nacos.common.remote.client   : Shutdown rpc client, set status to shutdown
2025-12-10T16:23:24.303+08:00  INFO 105062 --- [asset-service] [ionShutdownHook] com.alibaba.nacos.common.remote.client   : Shutdown client event executor java.util.concurrent.ScheduledThreadPoolExecutor@432eb882[Running, pool size = 2, active threads = 2, queued tasks = 0, completed tasks = 0]
2025-12-10T16:23:24.303+08:00  INFO 105062 --- [asset-service] [ionShutdownHook] com.alibaba.nacos.common.remote.client   : Close current connection 1765354663863_172.21.0.1_53190
2025-12-10T16:23:24.305+08:00  INFO 105062 --- [asset-service] [r-localhost-106] c.a.n.c.remote.client.grpc.GrpcClient    : [1765354663863_172.21.0.1_53190]Ignore complete event,isRunning:false,isAbandon=false
2025-12-10T16:23:24.306+08:00  INFO 105062 --- [asset-service] [ionShutdownHook] c.a.n.c.remote.client.grpc.GrpcClient    : Shutdown grpc executor java.util.concurrent.ThreadPoolExecutor@54a5496f[Running, pool size = 5, active threads = 0, queued tasks = 0, completed tasks = 108]
2025-12-10T16:23:24.306+08:00  INFO 105062 --- [asset-service] [ionShutdownHook] com.alibaba.nacos.client.naming          : shutdown and remove naming rpc client  for uuid ->8b8a3da8-dc26-4ca6-8fac-e2ca7a38ba1d
2025-12-10T16:23:24.307+08:00  INFO 105062 --- [asset-service] [ionShutdownHook] c.a.n.c.a.r.identify.CredentialWatcher   : [null] CredentialWatcher is stopped
2025-12-10T16:23:24.307+08:00  INFO 105062 --- [asset-service] [ionShutdownHook] c.a.n.c.a.r.identify.CredentialService   : [null] CredentialService is freed
2025-12-10T16:23:24.307+08:00  INFO 105062 --- [asset-service] [ionShutdownHook] com.alibaba.nacos.client.naming          : com.alibaba.nacos.client.naming.remote.NamingClientProxyDelegate do shutdown stop
2025-12-10T16:23:24.307+08:00  INFO 105062 --- [asset-service] [t.remote.worker] com.alibaba.nacos.common.remote.client   : [8b8a3da8-dc26-4ca6-8fac-e2ca7a38ba1d] Server healthy check fail, currentConnection = 1765354663863_172.21.0.1_53190
2025-12-10T16:23:24.308+08:00  INFO 105062 --- [asset-service] [ionShutdownHook] com.zaxxer.hikari.HikariDataSource       : HikariPool-1 - Shutdown initiated...
2025-12-10T16:23:24.313+08:00  INFO 105062 --- [asset-service] [ionShutdownHook] com.zaxxer.hikari.HikariDataSource       : HikariPool-1 - Shutdown completed.
