
  .   ____          _            __ _ _
 /\\ / ___'_ __ _ _(_)_ __  __ _ \ \ \ \
( ( )\___ | '_ | '_| | '_ \/ _` | \ \ \ \
 \\/  ___)| |_)| | | | | || (_| |  ) ) ) )
  '  |____| .__|_| |_|_| |_\__, | / / / /
 =========|_|==============|___/=/_/_/_/
 :: Spring Boot ::                (v3.2.5)

2025-12-10T16:10:26.184+08:00  INFO 94500 --- [statistics-service] [           main] c.s.statistics.StatisticsApplication     : Starting StatisticsApplication using Java 21.0.9 with PID 94500 (/home/ryan/accont-book/microservices/statistics-service/target/statistics-service-1.0.0-SNAPSHOT.jar started by ryan in /home/ryan/accont-book/microservices)
2025-12-10T16:10:26.185+08:00 DEBUG 94500 --- [statistics-service] [           main] c.s.statistics.StatisticsApplication     : Running with Spring Boot v3.2.5, Spring v6.1.6
2025-12-10T16:10:26.185+08:00  INFO 94500 --- [statistics-service] [           main] c.s.statistics.StatisticsApplication     : No active profile set, falling back to 1 default profile: "default"
2025-12-10T16:10:27.202+08:00  WARN 94500 --- [statistics-service] [           main] o.m.s.mapper.ClassPathMapperScanner      : No MyBatis mapper was found in '[com.shenzhewei.statistics.mapper]' package. Please check your configuration.
2025-12-10T16:10:27.266+08:00  INFO 94500 --- [statistics-service] [           main] o.s.cloud.context.scope.GenericScope     : BeanFactory id=559c3466-0848-3422-9d83-8065b76746cb
2025-12-10T16:10:27.523+08:00  WARN 94500 --- [statistics-service] [           main] trationDelegate$BeanPostProcessorChecker : Bean 'org.springframework.cloud.client.loadbalancer.LoadBalancerAutoConfiguration$RetryInterceptorAutoConfiguration' of type [org.springframework.cloud.client.loadbalancer.LoadBalancerAutoConfiguration$RetryInterceptorAutoConfiguration] is not eligible for getting processed by all BeanPostProcessors (for example: not eligible for auto-proxying). The currently created BeanPostProcessor [lbRestClientPostProcessor] is declared through a non-static factory method on that class; consider declaring it as static instead.
2025-12-10T16:10:27.526+08:00  WARN 94500 --- [statistics-service] [           main] trationDelegate$BeanPostProcessorChecker : Bean 'org.springframework.cloud.loadbalancer.config.BlockingLoadBalancerClientAutoConfiguration' of type [org.springframework.cloud.loadbalancer.config.BlockingLoadBalancerClientAutoConfiguration] is not eligible for getting processed by all BeanPostProcessors (for example: not eligible for auto-proxying). Is this bean getting eagerly injected into a currently created BeanPostProcessor [lbRestClientPostProcessor]? Check the corresponding BeanPostProcessor declaration and its dependencies.
2025-12-10T16:10:27.527+08:00  WARN 94500 --- [statistics-service] [           main] trationDelegate$BeanPostProcessorChecker : Bean 'org.springframework.cloud.loadbalancer.config.LoadBalancerAutoConfiguration' of type [org.springframework.cloud.loadbalancer.config.LoadBalancerAutoConfiguration] is not eligible for getting processed by all BeanPostProcessors (for example: not eligible for auto-proxying). Is this bean getting eagerly injected into a currently created BeanPostProcessor [lbRestClientPostProcessor]? Check the corresponding BeanPostProcessor declaration and its dependencies.
2025-12-10T16:10:27.535+08:00  WARN 94500 --- [statistics-service] [           main] trationDelegate$BeanPostProcessorChecker : Bean 'org.springframework.cloud.commons.config.CommonsConfigAutoConfiguration' of type [org.springframework.cloud.commons.config.CommonsConfigAutoConfiguration] is not eligible for getting processed by all BeanPostProcessors (for example: not eligible for auto-proxying). Is this bean getting eagerly injected into a currently created BeanPostProcessor [lbRestClientPostProcessor]? Check the corresponding BeanPostProcessor declaration and its dependencies.
2025-12-10T16:10:27.537+08:00  WARN 94500 --- [statistics-service] [           main] trationDelegate$BeanPostProcessorChecker : Bean 'org.springframework.cloud.client.loadbalancer.LoadBalancerDefaultMappingsProviderAutoConfiguration' of type [org.springframework.cloud.client.loadbalancer.LoadBalancerDefaultMappingsProviderAutoConfiguration] is not eligible for getting processed by all BeanPostProcessors (for example: not eligible for auto-proxying). Is this bean getting eagerly injected into a currently created BeanPostProcessor [lbRestClientPostProcessor]? Check the corresponding BeanPostProcessor declaration and its dependencies.
2025-12-10T16:10:27.538+08:00  WARN 94500 --- [statistics-service] [           main] trationDelegate$BeanPostProcessorChecker : Bean 'loadBalancerClientsDefaultsMappingsProvider' of type [org.springframework.cloud.client.loadbalancer.LoadBalancerDefaultMappingsProviderAutoConfiguration$$Lambda/0x00007e9484476350] is not eligible for getting processed by all BeanPostProcessors (for example: not eligible for auto-proxying). Is this bean getting eagerly injected into a currently created BeanPostProcessor [lbRestClientPostProcessor]? Check the corresponding BeanPostProcessor declaration and its dependencies.
2025-12-10T16:10:27.539+08:00  WARN 94500 --- [statistics-service] [           main] trationDelegate$BeanPostProcessorChecker : Bean 'defaultsBindHandlerAdvisor' of type [org.springframework.cloud.commons.config.DefaultsBindHandlerAdvisor] is not eligible for getting processed by all BeanPostProcessors (for example: not eligible for auto-proxying). Is this bean getting eagerly injected into a currently created BeanPostProcessor [lbRestClientPostProcessor]? Check the corresponding BeanPostProcessor declaration and its dependencies.
2025-12-10T16:10:27.545+08:00  WARN 94500 --- [statistics-service] [           main] trationDelegate$BeanPostProcessorChecker : Bean 'spring.cloud.loadbalancer-org.springframework.cloud.client.loadbalancer.LoadBalancerClientsProperties' of type [org.springframework.cloud.client.loadbalancer.LoadBalancerClientsProperties] is not eligible for getting processed by all BeanPostProcessors (for example: not eligible for auto-proxying). Is this bean getting eagerly injected into a currently created BeanPostProcessor [lbRestClientPostProcessor]? Check the corresponding BeanPostProcessor declaration and its dependencies.
2025-12-10T16:10:27.552+08:00  WARN 94500 --- [statistics-service] [           main] trationDelegate$BeanPostProcessorChecker : Bean 'default.org.springframework.cloud.loadbalancer.config.LoadBalancerAutoConfiguration.LoadBalancerClientSpecification' of type [org.springframework.cloud.loadbalancer.annotation.LoadBalancerClientSpecification] is not eligible for getting processed by all BeanPostProcessors (for example: not eligible for auto-proxying). Is this bean getting eagerly injected into a currently created BeanPostProcessor [lbRestClientPostProcessor]? Check the corresponding BeanPostProcessor declaration and its dependencies.
2025-12-10T16:10:27.554+08:00  WARN 94500 --- [statistics-service] [           main] trationDelegate$BeanPostProcessorChecker : Bean 'default.org.springframework.cloud.loadbalancer.config.BlockingLoadBalancerClientAutoConfiguration.LoadBalancerClientSpecification' of type [org.springframework.cloud.loadbalancer.annotation.LoadBalancerClientSpecification] is not eligible for getting processed by all BeanPostProcessors (for example: not eligible for auto-proxying). Is this bean getting eagerly injected into a currently created BeanPostProcessor [lbRestClientPostProcessor]? Check the corresponding BeanPostProcessor declaration and its dependencies.
2025-12-10T16:10:27.555+08:00  WARN 94500 --- [statistics-service] [           main] trationDelegate$BeanPostProcessorChecker : Bean 'loadBalancerClientFactory' of type [org.springframework.cloud.loadbalancer.support.LoadBalancerClientFactory] is not eligible for getting processed by all BeanPostProcessors (for example: not eligible for auto-proxying). Is this bean getting eagerly injected into a currently created BeanPostProcessor [lbRestClientPostProcessor]? Check the corresponding BeanPostProcessor declaration and its dependencies.
2025-12-10T16:10:27.560+08:00  WARN 94500 --- [statistics-service] [           main] trationDelegate$BeanPostProcessorChecker : Bean 'blockingLoadBalancerClient' of type [org.springframework.cloud.loadbalancer.blocking.client.BlockingLoadBalancerClient] is not eligible for getting processed by all BeanPostProcessors (for example: not eligible for auto-proxying). Is this bean getting eagerly injected into a currently created BeanPostProcessor [lbRestClientPostProcessor]? Check the corresponding BeanPostProcessor declaration and its dependencies.
2025-12-10T16:10:27.568+08:00  WARN 94500 --- [statistics-service] [           main] trationDelegate$BeanPostProcessorChecker : Bean 'loadBalancerServiceInstanceCookieTransformer' of type [org.springframework.cloud.loadbalancer.core.LoadBalancerServiceInstanceCookieTransformer] is not eligible for getting processed by all BeanPostProcessors (for example: not eligible for auto-proxying). Is this bean getting eagerly injected into a currently created BeanPostProcessor [lbRestClientPostProcessor]? Check the corresponding BeanPostProcessor declaration and its dependencies.
2025-12-10T16:10:27.569+08:00  WARN 94500 --- [statistics-service] [           main] trationDelegate$BeanPostProcessorChecker : Bean 'xForwarderHeadersTransformer' of type [org.springframework.cloud.loadbalancer.blocking.XForwardedHeadersTransformer] is not eligible for getting processed by all BeanPostProcessors (for example: not eligible for auto-proxying). Is this bean getting eagerly injected into a currently created BeanPostProcessor [lbRestClientPostProcessor]? Check the corresponding BeanPostProcessor declaration and its dependencies.
2025-12-10T16:10:27.570+08:00  WARN 94500 --- [statistics-service] [           main] trationDelegate$BeanPostProcessorChecker : Bean 'org.springframework.cloud.client.loadbalancer.LoadBalancerAutoConfiguration' of type [org.springframework.cloud.client.loadbalancer.LoadBalancerAutoConfiguration] is not eligible for getting processed by all BeanPostProcessors (for example: not eligible for auto-proxying). Is this bean getting eagerly injected into a currently created BeanPostProcessor [lbRestClientPostProcessor]? Check the corresponding BeanPostProcessor declaration and its dependencies.
2025-12-10T16:10:27.573+08:00  WARN 94500 --- [statistics-service] [           main] trationDelegate$BeanPostProcessorChecker : Bean 'loadBalancerRequestFactory' of type [org.springframework.cloud.client.loadbalancer.LoadBalancerRequestFactory] is not eligible for getting processed by all BeanPostProcessors (for example: not eligible for auto-proxying). Is this bean getting eagerly injected into a currently created BeanPostProcessor [lbRestClientPostProcessor]? Check the corresponding BeanPostProcessor declaration and its dependencies.
2025-12-10T16:10:27.575+08:00  WARN 94500 --- [statistics-service] [           main] trationDelegate$BeanPostProcessorChecker : Bean 'org.springframework.cloud.loadbalancer.config.BlockingLoadBalancerClientAutoConfiguration$BlockingLoadBalancerRetryConfig' of type [org.springframework.cloud.loadbalancer.config.BlockingLoadBalancerClientAutoConfiguration$BlockingLoadBalancerRetryConfig$$SpringCGLIB$$0] is not eligible for getting processed by all BeanPostProcessors (for example: not eligible for auto-proxying). Is this bean getting eagerly injected into a currently created BeanPostProcessor [lbRestClientPostProcessor]? Check the corresponding BeanPostProcessor declaration and its dependencies.
2025-12-10T16:10:27.578+08:00  WARN 94500 --- [statistics-service] [           main] trationDelegate$BeanPostProcessorChecker : Bean 'loadBalancedRetryFactory' of type [org.springframework.cloud.loadbalancer.blocking.retry.BlockingLoadBalancedRetryFactory] is not eligible for getting processed by all BeanPostProcessors (for example: not eligible for auto-proxying). Is this bean getting eagerly injected into a currently created BeanPostProcessor [lbRestClientPostProcessor]? Check the corresponding BeanPostProcessor declaration and its dependencies.
2025-12-10T16:10:27.582+08:00  WARN 94500 --- [statistics-service] [           main] trationDelegate$BeanPostProcessorChecker : Bean 'loadBalancerInterceptor' of type [org.springframework.cloud.client.loadbalancer.RetryLoadBalancerInterceptor] is not eligible for getting processed by all BeanPostProcessors (for example: not eligible for auto-proxying). Is this bean getting eagerly injected into a currently created BeanPostProcessor [lbRestClientPostProcessor]? Check the corresponding BeanPostProcessor declaration and its dependencies.
2025-12-10T16:10:27.817+08:00  INFO 94500 --- [statistics-service] [           main] o.s.b.w.embedded.tomcat.TomcatWebServer  : Tomcat initialized with port 8084 (http)
2025-12-10T16:10:27.832+08:00  INFO 94500 --- [statistics-service] [           main] o.apache.catalina.core.StandardService   : Starting service [Tomcat]
2025-12-10T16:10:27.833+08:00  INFO 94500 --- [statistics-service] [           main] o.apache.catalina.core.StandardEngine    : Starting Servlet engine: [Apache Tomcat/10.1.20]
2025-12-10T16:10:27.881+08:00  INFO 94500 --- [statistics-service] [           main] o.a.c.c.C.[Tomcat].[localhost].[/]       : Initializing Spring embedded WebApplicationContext
2025-12-10T16:10:27.883+08:00  INFO 94500 --- [statistics-service] [           main] w.s.c.ServletWebServerApplicationContext : Root WebApplicationContext: initialization completed in 1632 ms
2025-12-10T16:10:29.471+08:00  INFO 94500 --- [statistics-service] [           main] o.s.cloud.commons.util.InetUtils         : Cannot determine local hostname
2025-12-10T16:10:30.913+08:00  INFO 94500 --- [statistics-service] [           main] o.s.cloud.commons.util.InetUtils         : Cannot determine local hostname
2025-12-10T16:10:30.936+08:00  WARN 94500 --- [statistics-service] [           main] iguration$LoadBalancerCaffeineWarnLogger : Spring Cloud LoadBalancer is currently working with the default cache. While this cache implementation is useful for development and tests, it's recommended to use Caffeine cache in production.You can switch to using Caffeine cache, by adding it and org.springframework.cache.caffeine.CaffeineCacheManager to the classpath.
2025-12-10T16:10:30.952+08:00  INFO 94500 --- [statistics-service] [           main] o.s.b.a.e.web.EndpointLinksResolver      : Exposing 2 endpoint(s) beneath base path '/actuator'
2025-12-10T16:10:31.008+08:00  INFO 94500 --- [statistics-service] [           main] o.s.b.w.embedded.tomcat.TomcatWebServer  : Tomcat started on port 8084 (http) with context path ''
2025-12-10T16:10:31.014+08:00  INFO 94500 --- [statistics-service] [           main] com.alibaba.nacos.client.naming          : initializer namespace from ans.namespace attribute : null
2025-12-10T16:10:31.016+08:00  INFO 94500 --- [statistics-service] [           main] com.alibaba.nacos.client.naming          : initializer namespace from ALIBABA_ALIWARE_NAMESPACE attribute :null
2025-12-10T16:10:31.016+08:00  INFO 94500 --- [statistics-service] [       Thread-3] c.a.n.c.a.r.identify.CredentialWatcher   : null No credential found
2025-12-10T16:10:31.016+08:00  INFO 94500 --- [statistics-service] [           main] com.alibaba.nacos.client.naming          : initializer namespace from namespace attribute :null
2025-12-10T16:10:31.030+08:00  INFO 94500 --- [statistics-service] [           main] c.alibaba.nacos.client.utils.ParamUtil   : [settings] [req-serv] nacos-server port:8848
2025-12-10T16:10:31.031+08:00  INFO 94500 --- [statistics-service] [           main] c.alibaba.nacos.client.utils.ParamUtil   : [settings] [http-client] connect timeout:1000
2025-12-10T16:10:31.031+08:00  INFO 94500 --- [statistics-service] [           main] c.alibaba.nacos.client.utils.ParamUtil   : PER_TASK_CONFIG_SIZE: 3000.0
2025-12-10T16:10:31.034+08:00  INFO 94500 --- [statistics-service] [           main] c.a.n.p.a.s.c.ClientAuthPluginManager    : [ClientAuthPluginManager] Load ClientAuthService com.alibaba.nacos.client.auth.impl.NacosClientAuthServiceImpl success.
2025-12-10T16:10:31.034+08:00  INFO 94500 --- [statistics-service] [           main] c.a.n.p.a.s.c.ClientAuthPluginManager    : [ClientAuthPluginManager] Load ClientAuthService com.alibaba.nacos.client.auth.ram.RamClientAuthServiceImpl success.
2025-12-10T16:10:31.039+08:00  INFO 94500 --- [statistics-service] [           main] com.alibaba.nacos.common.remote.client   : [RpcClientFactory] create a new rpc client of dfe89fed-73d5-405e-b642-6e5b184bf773
2025-12-10T16:10:31.058+08:00  INFO 94500 --- [statistics-service] [           main] com.alibaba.nacos.client.naming          : Create naming rpc client for uuid->dfe89fed-73d5-405e-b642-6e5b184bf773
2025-12-10T16:10:31.058+08:00  INFO 94500 --- [statistics-service] [           main] com.alibaba.nacos.common.remote.client   : [dfe89fed-73d5-405e-b642-6e5b184bf773] RpcClient init, ServerListFactory = com.alibaba.nacos.client.naming.core.ServerListManager
2025-12-10T16:10:31.058+08:00  INFO 94500 --- [statistics-service] [           main] com.alibaba.nacos.common.remote.client   : [dfe89fed-73d5-405e-b642-6e5b184bf773] Registry connection listener to current client:com.alibaba.nacos.client.naming.remote.gprc.redo.NamingGrpcRedoService
2025-12-10T16:10:31.058+08:00  INFO 94500 --- [statistics-service] [           main] com.alibaba.nacos.common.remote.client   : [dfe89fed-73d5-405e-b642-6e5b184bf773] Register server push request handler:com.alibaba.nacos.client.naming.remote.gprc.NamingPushRequestHandler
2025-12-10T16:10:31.060+08:00  INFO 94500 --- [statistics-service] [           main] com.alibaba.nacos.common.remote.client   : [dfe89fed-73d5-405e-b642-6e5b184bf773] Try to connect to server on start up, server: {serverIp = 'localhost', server main port = 8848}
2025-12-10T16:10:31.078+08:00  INFO 94500 --- [statistics-service] [           main] c.a.n.c.remote.client.grpc.GrpcClient    : grpc client connection server:localhost ip,serverPort:9848,grpcTslConfig:{"sslProvider":"","enableTls":false,"mutualAuthEnable":false,"trustAll":false}
2025-12-10T16:10:31.395+08:00  INFO 94500 --- [statistics-service] [           main] c.a.n.c.a.AbstractAbilityControlManager  : Ready to get current node abilities...
2025-12-10T16:10:31.396+08:00  INFO 94500 --- [statistics-service] [           main] c.a.n.c.a.AbstractAbilityControlManager  : Ready to initialize current node abilities, support modes: [SDK_CLIENT]
2025-12-10T16:10:31.397+08:00  INFO 94500 --- [statistics-service] [           main] c.a.n.c.a.AbstractAbilityControlManager  : Initialize current abilities finish...
2025-12-10T16:10:31.398+08:00  INFO 94500 --- [statistics-service] [           main] c.a.n.c.a.d.NacosAbilityManagerHolder    : [AbilityControlManager] Successfully initialize AbilityControlManager
2025-12-10T16:10:31.412+08:00  INFO 94500 --- [statistics-service] [           main] com.alibaba.nacos.common.remote.client   : [dfe89fed-73d5-405e-b642-6e5b184bf773] Success to connect to server [localhost:8848] on start up, connectionId = 1765354231342_172.21.0.1_51252
2025-12-10T16:10:31.412+08:00  INFO 94500 --- [statistics-service] [t.remote.worker] com.alibaba.nacos.common.remote.client   : [dfe89fed-73d5-405e-b642-6e5b184bf773] Notify connected event to listeners.
2025-12-10T16:10:31.412+08:00  INFO 94500 --- [statistics-service] [           main] com.alibaba.nacos.common.remote.client   : [dfe89fed-73d5-405e-b642-6e5b184bf773] Register server push request handler:com.alibaba.nacos.common.remote.client.RpcClient$ConnectResetRequestHandler
2025-12-10T16:10:31.412+08:00  INFO 94500 --- [statistics-service] [t.remote.worker] com.alibaba.nacos.client.naming          : Grpc connection connect
2025-12-10T16:10:31.412+08:00  INFO 94500 --- [statistics-service] [           main] com.alibaba.nacos.common.remote.client   : [dfe89fed-73d5-405e-b642-6e5b184bf773] Register server push request handler:com.alibaba.nacos.common.remote.client.RpcClient$$Lambda/0x00007e9484822e70
2025-12-10T16:10:31.413+08:00  INFO 94500 --- [statistics-service] [           main] com.alibaba.nacos.client.naming          : [REGISTER-SERVICE] public registering service statistics-service with instance Instance{instanceId='null', ip='10.255.255.254', port=8084, weight=1.0, healthy=true, enabled=true, ephemeral=true, clusterName='DEFAULT', serviceName='null', metadata={IPv6=null, preserved.register.source=SPRING_CLOUD}}
2025-12-10T16:10:31.425+08:00  INFO 94500 --- [statistics-service] [           main] c.a.c.n.registry.NacosServiceRegistry    : nacos registry, DEFAULT_GROUP statistics-service 10.255.255.254:8084 register finished
2025-12-10T16:10:32.426+08:00  INFO 94500 --- [statistics-service] [           main] o.s.cloud.commons.util.InetUtils         : Cannot determine local hostname
2025-12-10T16:10:32.428+08:00  INFO 94500 --- [statistics-service] [           main] o.s.a.r.c.CachingConnectionFactory       : Attempting to connect to: [localhost:5672]
2025-12-10T16:10:32.458+08:00  INFO 94500 --- [statistics-service] [           main] o.s.a.r.c.CachingConnectionFactory       : Created new connection: rabbitConnectionFactory#6be8ce1b:0/SimpleConnection@6ae6a77b [delegate=amqp://guest@127.0.0.1:5672/, localPort=53234]
2025-12-10T16:10:32.500+08:00  INFO 94500 --- [statistics-service] [           main] c.s.statistics.StatisticsApplication     : Started StatisticsApplication in 7.684 seconds (process running for 8.09)
2025-12-10T16:10:40.403+08:00  INFO 94500 --- [statistics-service] [nio-8084-exec-1] o.a.c.c.C.[Tomcat].[localhost].[/]       : Initializing Spring DispatcherServlet 'dispatcherServlet'
2025-12-10T16:10:40.403+08:00  INFO 94500 --- [statistics-service] [nio-8084-exec-1] o.s.web.servlet.DispatcherServlet        : Initializing Servlet 'dispatcherServlet'
2025-12-10T16:10:40.405+08:00  INFO 94500 --- [statistics-service] [nio-8084-exec-1] o.s.web.servlet.DispatcherServlet        : Completed initialization in 2 ms
2025-12-10T16:10:40.460+08:00  INFO 94500 --- [statistics-service] [nio-8084-exec-1] com.zaxxer.hikari.HikariDataSource       : HikariPool-1 - Starting...
2025-12-10T16:10:40.572+08:00  INFO 94500 --- [statistics-service] [nio-8084-exec-1] com.zaxxer.hikari.pool.HikariPool        : HikariPool-1 - Added connection com.mysql.cj.jdbc.ConnectionImpl@583556bc
2025-12-10T16:10:40.574+08:00  INFO 94500 --- [statistics-service] [nio-8084-exec-1] com.zaxxer.hikari.HikariDataSource       : HikariPool-1 - Start completed.
2025-12-10T16:12:46.079+08:00  INFO 94500 --- [statistics-service] [ntContainer#0-1] c.s.s.mq.TransactionMessageListener      : 收到交易成功消息: {"id":19,"userId":1,"assetId":1,"amount":50.00,"type":1,"category":"餐饮","transTime":[2025,12,10,16,12,46,54645087]}
2025-12-10T16:12:46.082+08:00  INFO 94500 --- [statistics-service] [ntContainer#0-1] c.s.s.s.impl.StatisticsServiceImpl       : 统计数据更新触发: userId=1, transactionId=19
2025-12-10T16:12:46.082+08:00  INFO 94500 --- [statistics-service] [ntContainer#0-1] c.s.s.mq.TransactionMessageListener      : 统计数据更新成功: userId=1, transactionId=19
2025-12-10T16:12:46.132+08:00  INFO 94500 --- [statistics-service] [ntContainer#0-1] c.s.s.mq.TransactionMessageListener      : 收到交易成功消息: {"id":20,"userId":1,"assetId":1,"amount":200.00,"type":2,"category":"工资","transTime":[2025,12,10,16,12,46,127233304]}
2025-12-10T16:12:46.132+08:00  INFO 94500 --- [statistics-service] [ntContainer#0-1] c.s.s.s.impl.StatisticsServiceImpl       : 统计数据更新触发: userId=1, transactionId=20
2025-12-10T16:12:46.133+08:00  INFO 94500 --- [statistics-service] [ntContainer#0-1] c.s.s.mq.TransactionMessageListener      : 统计数据更新成功: userId=1, transactionId=20
2025-12-10T16:12:46.486+08:00  INFO 94500 --- [statistics-service] [ntContainer#0-1] c.s.s.mq.TransactionMessageListener      : 收到交易成功消息: {"id":21,"userId":1,"assetId":1,"amount":100,"type":2,"category":"Feign测试","transTime":[2025,12,10,16,12,46,480951031]}
2025-12-10T16:12:46.486+08:00  INFO 94500 --- [statistics-service] [ntContainer#0-1] c.s.s.s.impl.StatisticsServiceImpl       : 统计数据更新触发: userId=1, transactionId=21
2025-12-10T16:12:46.487+08:00  INFO 94500 --- [statistics-service] [ntContainer#0-1] c.s.s.mq.TransactionMessageListener      : 统计数据更新成功: userId=1, transactionId=21
2025-12-10T16:23:24.534+08:00  WARN 94500 --- [statistics-service] [       Thread-8] c.a.n.common.http.HttpClientBeanHolder   : [HttpClientBeanHolder] Start destroying common HttpClient
2025-12-10T16:23:24.534+08:00  WARN 94500 --- [statistics-service] [       Thread-5] c.a.nacos.common.notify.NotifyCenter     : [NotifyCenter] Start destroying Publisher
2025-12-10T16:23:24.535+08:00  WARN 94500 --- [statistics-service] [       Thread-5] c.a.nacos.common.notify.NotifyCenter     : [NotifyCenter] Destruction of the end
2025-12-10T16:23:24.535+08:00  WARN 94500 --- [statistics-service] [       Thread-8] c.a.n.common.http.HttpClientBeanHolder   : [HttpClientBeanHolder] Destruction of the end
2025-12-10T16:23:24.541+08:00  INFO 94500 --- [statistics-service] [ntContainer#0-2] o.s.a.r.l.SimpleMessageListenerContainer : Waiting for workers to finish.
2025-12-10T16:23:24.581+08:00  INFO 94500 --- [statistics-service] [ntContainer#0-2] o.s.a.r.l.SimpleMessageListenerContainer : Successfully waited for workers to finish.
2025-12-10T16:23:24.592+08:00  INFO 94500 --- [statistics-service] [ionShutdownHook] c.a.c.n.registry.NacosServiceRegistry    : De-registering from Nacos Server now...
2025-12-10T16:23:24.592+08:00  INFO 94500 --- [statistics-service] [ionShutdownHook] com.alibaba.nacos.client.naming          : [DEREGISTER-SERVICE] public deregistering service statistics-service with instance: Instance{instanceId='null', ip='10.255.255.254', port=8084, weight=1.0, healthy=true, enabled=true, ephemeral=true, clusterName='DEFAULT', serviceName='null', metadata={}}
2025-12-10T16:23:24.598+08:00  INFO 94500 --- [statistics-service] [ionShutdownHook] c.a.c.n.registry.NacosServiceRegistry    : De-registration finished.
2025-12-10T16:23:24.600+08:00  INFO 94500 --- [statistics-service] [ionShutdownHook] com.alibaba.nacos.client.naming          : com.alibaba.nacos.client.naming.cache.ServiceInfoHolder do shutdown begin
2025-12-10T16:23:24.600+08:00  INFO 94500 --- [statistics-service] [ionShutdownHook] com.alibaba.nacos.client.naming          : com.alibaba.nacos.client.naming.backups.FailoverReactor do shutdown begin
2025-12-10T16:23:24.600+08:00  INFO 94500 --- [statistics-service] [ionShutdownHook] com.alibaba.nacos.client.naming          : com.alibaba.nacos.client.naming.backups.FailoverReactor do shutdown stop
2025-12-10T16:23:24.600+08:00  INFO 94500 --- [statistics-service] [ionShutdownHook] com.alibaba.nacos.client.naming          : com.alibaba.nacos.client.naming.cache.ServiceInfoHolder do shutdown stop
2025-12-10T16:23:24.600+08:00  INFO 94500 --- [statistics-service] [ionShutdownHook] com.alibaba.nacos.client.naming          : com.alibaba.nacos.client.naming.remote.NamingClientProxyDelegate do shutdown begin
2025-12-10T16:23:24.600+08:00  INFO 94500 --- [statistics-service] [ionShutdownHook] com.alibaba.nacos.client.naming          : com.alibaba.nacos.client.naming.core.ServiceInfoUpdateService do shutdown begin
2025-12-10T16:23:24.600+08:00  INFO 94500 --- [statistics-service] [ionShutdownHook] com.alibaba.nacos.client.naming          : com.alibaba.nacos.client.naming.core.ServiceInfoUpdateService do shutdown stop
2025-12-10T16:23:24.600+08:00  INFO 94500 --- [statistics-service] [ionShutdownHook] com.alibaba.nacos.client.naming          : com.alibaba.nacos.client.naming.core.ServerListManager do shutdown begin
2025-12-10T16:23:24.600+08:00  WARN 94500 --- [statistics-service] [ionShutdownHook] com.alibaba.nacos.client.naming          : [NamingHttpClientManager] Start destroying NacosRestTemplate
2025-12-10T16:23:24.600+08:00  WARN 94500 --- [statistics-service] [ionShutdownHook] com.alibaba.nacos.client.naming          : [NamingHttpClientManager] Destruction of the end
2025-12-10T16:23:24.600+08:00  INFO 94500 --- [statistics-service] [ionShutdownHook] com.alibaba.nacos.client.naming          : com.alibaba.nacos.client.naming.core.ServerListManager do shutdown stop
2025-12-10T16:23:24.600+08:00  INFO 94500 --- [statistics-service] [ionShutdownHook] com.alibaba.nacos.client.naming          : com.alibaba.nacos.client.naming.remote.http.NamingHttpClientProxy do shutdown begin
2025-12-10T16:23:24.600+08:00  WARN 94500 --- [statistics-service] [ionShutdownHook] com.alibaba.nacos.client.naming          : [NamingHttpClientManager] Start destroying NacosRestTemplate
2025-12-10T16:23:24.600+08:00  WARN 94500 --- [statistics-service] [ionShutdownHook] com.alibaba.nacos.client.naming          : [NamingHttpClientManager] Destruction of the end
2025-12-10T16:23:24.600+08:00  INFO 94500 --- [statistics-service] [ionShutdownHook] com.alibaba.nacos.client.naming          : com.alibaba.nacos.client.naming.remote.http.NamingHttpClientProxy do shutdown stop
2025-12-10T16:23:24.600+08:00  INFO 94500 --- [statistics-service] [ionShutdownHook] com.alibaba.nacos.client.naming          : Shutdown naming grpc client proxy for  uuid->dfe89fed-73d5-405e-b642-6e5b184bf773
2025-12-10T16:23:24.600+08:00  INFO 94500 --- [statistics-service] [ionShutdownHook] com.alibaba.nacos.client.naming          : Shutdown grpc redo service executor java.util.concurrent.ScheduledThreadPoolExecutor@535be281[Running, pool size = 1, active threads = 0, queued tasks = 1, completed tasks = 257]
2025-12-10T16:23:24.600+08:00  INFO 94500 --- [statistics-service] [ionShutdownHook] com.alibaba.nacos.common.remote.client   : Shutdown rpc client, set status to shutdown
2025-12-10T16:23:24.600+08:00  INFO 94500 --- [statistics-service] [ionShutdownHook] com.alibaba.nacos.common.remote.client   : Shutdown client event executor java.util.concurrent.ScheduledThreadPoolExecutor@3e0704e2[Running, pool size = 2, active threads = 2, queued tasks = 0, completed tasks = 0]
2025-12-10T16:23:24.601+08:00  INFO 94500 --- [statistics-service] [ionShutdownHook] com.alibaba.nacos.common.remote.client   : Close current connection 1765354231342_172.21.0.1_51252
2025-12-10T16:23:24.602+08:00  INFO 94500 --- [statistics-service] [ionShutdownHook] c.a.n.c.remote.client.grpc.GrpcClient    : Shutdown grpc executor java.util.concurrent.ThreadPoolExecutor@618fb1[Running, pool size = 5, active threads = 1, queued tasks = 0, completed tasks = 211]
2025-12-10T16:23:24.602+08:00  INFO 94500 --- [statistics-service] [ionShutdownHook] com.alibaba.nacos.client.naming          : shutdown and remove naming rpc client  for uuid ->dfe89fed-73d5-405e-b642-6e5b184bf773
2025-12-10T16:23:24.602+08:00  INFO 94500 --- [statistics-service] [ionShutdownHook] c.a.n.c.a.r.identify.CredentialWatcher   : [null] CredentialWatcher is stopped
2025-12-10T16:23:24.602+08:00  INFO 94500 --- [statistics-service] [r-localhost-211] c.a.n.c.remote.client.grpc.GrpcClient    : [1765354231342_172.21.0.1_51252]Ignore complete event,isRunning:false,isAbandon=false
2025-12-10T16:23:24.602+08:00  INFO 94500 --- [statistics-service] [ionShutdownHook] c.a.n.c.a.r.identify.CredentialService   : [null] CredentialService is freed
2025-12-10T16:23:24.603+08:00  INFO 94500 --- [statistics-service] [ionShutdownHook] com.alibaba.nacos.client.naming          : com.alibaba.nacos.client.naming.remote.NamingClientProxyDelegate do shutdown stop
2025-12-10T16:23:24.605+08:00  INFO 94500 --- [statistics-service] [ionShutdownHook] com.zaxxer.hikari.HikariDataSource       : HikariPool-1 - Shutdown initiated...
2025-12-10T16:23:24.609+08:00  INFO 94500 --- [statistics-service] [ionShutdownHook] com.zaxxer.hikari.HikariDataSource       : HikariPool-1 - Shutdown completed.
