
  .   ____          _            __ _ _
 /\\ / ___'_ __ _ _(_)_ __  __ _ \ \ \ \
( ( )\___ | '_ | '_| | '_ \/ _` | \ \ \ \
 \\/  ___)| |_)| | | | | || (_| |  ) ) ) )
  '  |____| .__|_| |_|_| |_\__, | / / / /
 =========|_|==============|___/=/_/_/_/
 :: Spring Boot ::                (v3.2.5)

2025-12-10T16:10:10.898+08:00  INFO 93652 --- [user-service] [           main] com.shenzhewei.user.UserApplication      : Starting UserApplication using Java 21.0.9 with PID 93652 (/home/ryan/accont-book/microservices/user-service/target/user-service-1.0.0-SNAPSHOT.jar started by ryan in /home/ryan/accont-book/microservices)
2025-12-10T16:10:10.902+08:00 DEBUG 93652 --- [user-service] [           main] com.shenzhewei.user.UserApplication      : Running with Spring Boot v3.2.5, Spring v6.1.6
2025-12-10T16:10:10.903+08:00  INFO 93652 --- [user-service] [           main] com.shenzhewei.user.UserApplication      : No active profile set, falling back to 1 default profile: "default"
2025-12-10T16:10:12.205+08:00  INFO 93652 --- [user-service] [           main] o.s.cloud.context.scope.GenericScope     : BeanFactory id=a35481aa-634a-393f-ac39-5e543a740392
2025-12-10T16:10:12.524+08:00  WARN 93652 --- [user-service] [           main] trationDelegate$BeanPostProcessorChecker : Bean 'org.springframework.cloud.client.loadbalancer.LoadBalancerAutoConfiguration$LoadBalancerInterceptorConfig' of type [org.springframework.cloud.client.loadbalancer.LoadBalancerAutoConfiguration$LoadBalancerInterceptorConfig] is not eligible for getting processed by all BeanPostProcessors (for example: not eligible for auto-proxying). The currently created BeanPostProcessor [lbRestClientPostProcessor] is declared through a non-static factory method on that class; consider declaring it as static instead.
2025-12-10T16:10:12.527+08:00  WARN 93652 --- [user-service] [           main] trationDelegate$BeanPostProcessorChecker : Bean 'org.springframework.cloud.loadbalancer.config.BlockingLoadBalancerClientAutoConfiguration' of type [org.springframework.cloud.loadbalancer.config.BlockingLoadBalancerClientAutoConfiguration] is not eligible for getting processed by all BeanPostProcessors (for example: not eligible for auto-proxying). Is this bean getting eagerly injected into a currently created BeanPostProcessor [lbRestClientPostProcessor]? Check the corresponding BeanPostProcessor declaration and its dependencies.
2025-12-10T16:10:12.530+08:00  WARN 93652 --- [user-service] [           main] trationDelegate$BeanPostProcessorChecker : Bean 'org.springframework.cloud.loadbalancer.config.LoadBalancerAutoConfiguration' of type [org.springframework.cloud.loadbalancer.config.LoadBalancerAutoConfiguration] is not eligible for getting processed by all BeanPostProcessors (for example: not eligible for auto-proxying). Is this bean getting eagerly injected into a currently created BeanPostProcessor [lbRestClientPostProcessor]? Check the corresponding BeanPostProcessor declaration and its dependencies.
2025-12-10T16:10:12.540+08:00  WARN 93652 --- [user-service] [           main] trationDelegate$BeanPostProcessorChecker : Bean 'org.springframework.cloud.commons.config.CommonsConfigAutoConfiguration' of type [org.springframework.cloud.commons.config.CommonsConfigAutoConfiguration] is not eligible for getting processed by all BeanPostProcessors (for example: not eligible for auto-proxying). Is this bean getting eagerly injected into a currently created BeanPostProcessor [lbRestClientPostProcessor]? Check the corresponding BeanPostProcessor declaration and its dependencies.
2025-12-10T16:10:12.543+08:00  WARN 93652 --- [user-service] [           main] trationDelegate$BeanPostProcessorChecker : Bean 'org.springframework.cloud.client.loadbalancer.LoadBalancerDefaultMappingsProviderAutoConfiguration' of type [org.springframework.cloud.client.loadbalancer.LoadBalancerDefaultMappingsProviderAutoConfiguration] is not eligible for getting processed by all BeanPostProcessors (for example: not eligible for auto-proxying). Is this bean getting eagerly injected into a currently created BeanPostProcessor [lbRestClientPostProcessor]? Check the corresponding BeanPostProcessor declaration and its dependencies.
2025-12-10T16:10:12.545+08:00  WARN 93652 --- [user-service] [           main] trationDelegate$BeanPostProcessorChecker : Bean 'loadBalancerClientsDefaultsMappingsProvider' of type [org.springframework.cloud.client.loadbalancer.LoadBalancerDefaultMappingsProviderAutoConfiguration$$Lambda/0x0000777578460000] is not eligible for getting processed by all BeanPostProcessors (for example: not eligible for auto-proxying). Is this bean getting eagerly injected into a currently created BeanPostProcessor [lbRestClientPostProcessor]? Check the corresponding BeanPostProcessor declaration and its dependencies.
2025-12-10T16:10:12.547+08:00  WARN 93652 --- [user-service] [           main] trationDelegate$BeanPostProcessorChecker : Bean 'defaultsBindHandlerAdvisor' of type [org.springframework.cloud.commons.config.DefaultsBindHandlerAdvisor] is not eligible for getting processed by all BeanPostProcessors (for example: not eligible for auto-proxying). Is this bean getting eagerly injected into a currently created BeanPostProcessor [lbRestClientPostProcessor]? Check the corresponding BeanPostProcessor declaration and its dependencies.
2025-12-10T16:10:12.553+08:00  WARN 93652 --- [user-service] [           main] trationDelegate$BeanPostProcessorChecker : Bean 'spring.cloud.loadbalancer-org.springframework.cloud.client.loadbalancer.LoadBalancerClientsProperties' of type [org.springframework.cloud.client.loadbalancer.LoadBalancerClientsProperties] is not eligible for getting processed by all BeanPostProcessors (for example: not eligible for auto-proxying). Is this bean getting eagerly injected into a currently created BeanPostProcessor [lbRestClientPostProcessor]? Check the corresponding BeanPostProcessor declaration and its dependencies.
2025-12-10T16:10:12.560+08:00  WARN 93652 --- [user-service] [           main] trationDelegate$BeanPostProcessorChecker : Bean 'default.org.springframework.cloud.loadbalancer.config.LoadBalancerAutoConfiguration.LoadBalancerClientSpecification' of type [org.springframework.cloud.loadbalancer.annotation.LoadBalancerClientSpecification] is not eligible for getting processed by all BeanPostProcessors (for example: not eligible for auto-proxying). Is this bean getting eagerly injected into a currently created BeanPostProcessor [lbRestClientPostProcessor]? Check the corresponding BeanPostProcessor declaration and its dependencies.
2025-12-10T16:10:12.562+08:00  WARN 93652 --- [user-service] [           main] trationDelegate$BeanPostProcessorChecker : Bean 'default.org.springframework.cloud.loadbalancer.config.BlockingLoadBalancerClientAutoConfiguration.LoadBalancerClientSpecification' of type [org.springframework.cloud.loadbalancer.annotation.LoadBalancerClientSpecification] is not eligible for getting processed by all BeanPostProcessors (for example: not eligible for auto-proxying). Is this bean getting eagerly injected into a currently created BeanPostProcessor [lbRestClientPostProcessor]? Check the corresponding BeanPostProcessor declaration and its dependencies.
2025-12-10T16:10:12.564+08:00  WARN 93652 --- [user-service] [           main] trationDelegate$BeanPostProcessorChecker : Bean 'loadBalancerClientFactory' of type [org.springframework.cloud.loadbalancer.support.LoadBalancerClientFactory] is not eligible for getting processed by all BeanPostProcessors (for example: not eligible for auto-proxying). Is this bean getting eagerly injected into a currently created BeanPostProcessor [lbRestClientPostProcessor]? Check the corresponding BeanPostProcessor declaration and its dependencies.
2025-12-10T16:10:12.570+08:00  WARN 93652 --- [user-service] [           main] trationDelegate$BeanPostProcessorChecker : Bean 'blockingLoadBalancerClient' of type [org.springframework.cloud.loadbalancer.blocking.client.BlockingLoadBalancerClient] is not eligible for getting processed by all BeanPostProcessors (for example: not eligible for auto-proxying). Is this bean getting eagerly injected into a currently created BeanPostProcessor [lbRestClientPostProcessor]? Check the corresponding BeanPostProcessor declaration and its dependencies.
2025-12-10T16:10:12.580+08:00  WARN 93652 --- [user-service] [           main] trationDelegate$BeanPostProcessorChecker : Bean 'loadBalancerServiceInstanceCookieTransformer' of type [org.springframework.cloud.loadbalancer.core.LoadBalancerServiceInstanceCookieTransformer] is not eligible for getting processed by all BeanPostProcessors (for example: not eligible for auto-proxying). Is this bean getting eagerly injected into a currently created BeanPostProcessor [lbRestClientPostProcessor]? Check the corresponding BeanPostProcessor declaration and its dependencies.
2025-12-10T16:10:12.582+08:00  WARN 93652 --- [user-service] [           main] trationDelegate$BeanPostProcessorChecker : Bean 'xForwarderHeadersTransformer' of type [org.springframework.cloud.loadbalancer.blocking.XForwardedHeadersTransformer] is not eligible for getting processed by all BeanPostProcessors (for example: not eligible for auto-proxying). Is this bean getting eagerly injected into a currently created BeanPostProcessor [lbRestClientPostProcessor]? Check the corresponding BeanPostProcessor declaration and its dependencies.
2025-12-10T16:10:12.585+08:00  WARN 93652 --- [user-service] [           main] trationDelegate$BeanPostProcessorChecker : Bean 'org.springframework.cloud.client.loadbalancer.LoadBalancerAutoConfiguration' of type [org.springframework.cloud.client.loadbalancer.LoadBalancerAutoConfiguration] is not eligible for getting processed by all BeanPostProcessors (for example: not eligible for auto-proxying). Is this bean getting eagerly injected into a currently created BeanPostProcessor [lbRestClientPostProcessor]? Check the corresponding BeanPostProcessor declaration and its dependencies.
2025-12-10T16:10:12.587+08:00  WARN 93652 --- [user-service] [           main] trationDelegate$BeanPostProcessorChecker : Bean 'loadBalancerRequestFactory' of type [org.springframework.cloud.client.loadbalancer.LoadBalancerRequestFactory] is not eligible for getting processed by all BeanPostProcessors (for example: not eligible for auto-proxying). Is this bean getting eagerly injected into a currently created BeanPostProcessor [lbRestClientPostProcessor]? Check the corresponding BeanPostProcessor declaration and its dependencies.
2025-12-10T16:10:12.589+08:00  WARN 93652 --- [user-service] [           main] trationDelegate$BeanPostProcessorChecker : Bean 'loadBalancerInterceptor' of type [org.springframework.cloud.client.loadbalancer.LoadBalancerInterceptor] is not eligible for getting processed by all BeanPostProcessors (for example: not eligible for auto-proxying). Is this bean getting eagerly injected into a currently created BeanPostProcessor [lbRestClientPostProcessor]? Check the corresponding BeanPostProcessor declaration and its dependencies.
2025-12-10T16:10:12.877+08:00  INFO 93652 --- [user-service] [           main] o.s.b.w.embedded.tomcat.TomcatWebServer  : Tomcat initialized with port 8081 (http)
2025-12-10T16:10:12.913+08:00  INFO 93652 --- [user-service] [           main] o.apache.catalina.core.StandardService   : Starting service [Tomcat]
2025-12-10T16:10:12.914+08:00  INFO 93652 --- [user-service] [           main] o.apache.catalina.core.StandardEngine    : Starting Servlet engine: [Apache Tomcat/10.1.20]
2025-12-10T16:10:12.957+08:00  INFO 93652 --- [user-service] [           main] o.a.c.c.C.[Tomcat].[localhost].[/]       : Initializing Spring embedded WebApplicationContext
2025-12-10T16:10:12.958+08:00  INFO 93652 --- [user-service] [           main] w.s.c.ServletWebServerApplicationContext : Root WebApplicationContext: initialization completed in 1945 ms
2025-12-10T16:10:14.995+08:00  INFO 93652 --- [user-service] [           main] o.s.cloud.commons.util.InetUtils         : Cannot determine local hostname
2025-12-10T16:10:16.321+08:00  INFO 93652 --- [user-service] [           main] o.s.cloud.commons.util.InetUtils         : Cannot determine local hostname
2025-12-10T16:10:16.344+08:00  WARN 93652 --- [user-service] [           main] iguration$LoadBalancerCaffeineWarnLogger : Spring Cloud LoadBalancer is currently working with the default cache. While this cache implementation is useful for development and tests, it's recommended to use Caffeine cache in production.You can switch to using Caffeine cache, by adding it and org.springframework.cache.caffeine.CaffeineCacheManager to the classpath.
2025-12-10T16:10:16.366+08:00  INFO 93652 --- [user-service] [           main] o.s.b.a.e.web.EndpointLinksResolver      : Exposing 2 endpoint(s) beneath base path '/actuator'
2025-12-10T16:10:16.418+08:00  INFO 93652 --- [user-service] [           main] o.s.b.w.embedded.tomcat.TomcatWebServer  : Tomcat started on port 8081 (http) with context path ''
2025-12-10T16:10:16.426+08:00  INFO 93652 --- [user-service] [           main] com.alibaba.nacos.client.naming          : initializer namespace from ans.namespace attribute : null
2025-12-10T16:10:16.428+08:00  INFO 93652 --- [user-service] [       Thread-3] c.a.n.c.a.r.identify.CredentialWatcher   : null No credential found
2025-12-10T16:10:16.428+08:00  INFO 93652 --- [user-service] [           main] com.alibaba.nacos.client.naming          : initializer namespace from ALIBABA_ALIWARE_NAMESPACE attribute :null
2025-12-10T16:10:16.429+08:00  INFO 93652 --- [user-service] [           main] com.alibaba.nacos.client.naming          : initializer namespace from namespace attribute :null
2025-12-10T16:10:16.456+08:00  INFO 93652 --- [user-service] [           main] c.alibaba.nacos.client.utils.ParamUtil   : [settings] [req-serv] nacos-server port:8848
2025-12-10T16:10:16.456+08:00  INFO 93652 --- [user-service] [           main] c.alibaba.nacos.client.utils.ParamUtil   : [settings] [http-client] connect timeout:1000
2025-12-10T16:10:16.457+08:00  INFO 93652 --- [user-service] [           main] c.alibaba.nacos.client.utils.ParamUtil   : PER_TASK_CONFIG_SIZE: 3000.0
2025-12-10T16:10:16.465+08:00  INFO 93652 --- [user-service] [           main] c.a.n.p.a.s.c.ClientAuthPluginManager    : [ClientAuthPluginManager] Load ClientAuthService com.alibaba.nacos.client.auth.impl.NacosClientAuthServiceImpl success.
2025-12-10T16:10:16.465+08:00  INFO 93652 --- [user-service] [           main] c.a.n.p.a.s.c.ClientAuthPluginManager    : [ClientAuthPluginManager] Load ClientAuthService com.alibaba.nacos.client.auth.ram.RamClientAuthServiceImpl success.
2025-12-10T16:10:16.474+08:00  INFO 93652 --- [user-service] [           main] com.alibaba.nacos.common.remote.client   : [RpcClientFactory] create a new rpc client of 4844d785-1104-4296-bc56-3ca43304e358
2025-12-10T16:10:16.492+08:00  INFO 93652 --- [user-service] [           main] com.alibaba.nacos.client.naming          : Create naming rpc client for uuid->4844d785-1104-4296-bc56-3ca43304e358
2025-12-10T16:10:16.493+08:00  INFO 93652 --- [user-service] [           main] com.alibaba.nacos.common.remote.client   : [4844d785-1104-4296-bc56-3ca43304e358] RpcClient init, ServerListFactory = com.alibaba.nacos.client.naming.core.ServerListManager
2025-12-10T16:10:16.493+08:00  INFO 93652 --- [user-service] [           main] com.alibaba.nacos.common.remote.client   : [4844d785-1104-4296-bc56-3ca43304e358] Registry connection listener to current client:com.alibaba.nacos.client.naming.remote.gprc.redo.NamingGrpcRedoService
2025-12-10T16:10:16.494+08:00  INFO 93652 --- [user-service] [           main] com.alibaba.nacos.common.remote.client   : [4844d785-1104-4296-bc56-3ca43304e358] Register server push request handler:com.alibaba.nacos.client.naming.remote.gprc.NamingPushRequestHandler
2025-12-10T16:10:16.497+08:00  INFO 93652 --- [user-service] [           main] com.alibaba.nacos.common.remote.client   : [4844d785-1104-4296-bc56-3ca43304e358] Try to connect to server on start up, server: {serverIp = 'localhost', server main port = 8848}
2025-12-10T16:10:16.521+08:00  INFO 93652 --- [user-service] [           main] c.a.n.c.remote.client.grpc.GrpcClient    : grpc client connection server:localhost ip,serverPort:9848,grpcTslConfig:{"sslProvider":"","enableTls":false,"mutualAuthEnable":false,"trustAll":false}
2025-12-10T16:10:16.971+08:00  INFO 93652 --- [user-service] [           main] c.a.n.c.a.AbstractAbilityControlManager  : Ready to get current node abilities...
2025-12-10T16:10:16.973+08:00  INFO 93652 --- [user-service] [           main] c.a.n.c.a.AbstractAbilityControlManager  : Ready to initialize current node abilities, support modes: [SDK_CLIENT]
2025-12-10T16:10:16.973+08:00  INFO 93652 --- [user-service] [           main] c.a.n.c.a.AbstractAbilityControlManager  : Initialize current abilities finish...
2025-12-10T16:10:16.974+08:00  INFO 93652 --- [user-service] [           main] c.a.n.c.a.d.NacosAbilityManagerHolder    : [AbilityControlManager] Successfully initialize AbilityControlManager
2025-12-10T16:10:16.996+08:00  INFO 93652 --- [user-service] [           main] com.alibaba.nacos.common.remote.client   : [4844d785-1104-4296-bc56-3ca43304e358] Success to connect to server [localhost:8848] on start up, connectionId = 1765354216889_172.21.0.1_53966
2025-12-10T16:10:16.996+08:00  INFO 93652 --- [user-service] [t.remote.worker] com.alibaba.nacos.common.remote.client   : [4844d785-1104-4296-bc56-3ca43304e358] Notify connected event to listeners.
2025-12-10T16:10:16.997+08:00  INFO 93652 --- [user-service] [           main] com.alibaba.nacos.common.remote.client   : [4844d785-1104-4296-bc56-3ca43304e358] Register server push request handler:com.alibaba.nacos.common.remote.client.RpcClient$ConnectResetRequestHandler
2025-12-10T16:10:16.997+08:00  INFO 93652 --- [user-service] [t.remote.worker] com.alibaba.nacos.client.naming          : Grpc connection connect
2025-12-10T16:10:16.997+08:00  INFO 93652 --- [user-service] [           main] com.alibaba.nacos.common.remote.client   : [4844d785-1104-4296-bc56-3ca43304e358] Register server push request handler:com.alibaba.nacos.common.remote.client.RpcClient$$Lambda/0x000077757878a1d8
2025-12-10T16:10:16.998+08:00  INFO 93652 --- [user-service] [           main] com.alibaba.nacos.client.naming          : [REGISTER-SERVICE] public registering service user-service with instance Instance{instanceId='null', ip='10.255.255.254', port=8081, weight=1.0, healthy=true, enabled=true, ephemeral=true, clusterName='DEFAULT', serviceName='null', metadata={IPv6=null, preserved.register.source=SPRING_CLOUD}}
2025-12-10T16:10:17.015+08:00  INFO 93652 --- [user-service] [           main] c.a.c.n.registry.NacosServiceRegistry    : nacos registry, DEFAULT_GROUP user-service 10.255.255.254:8081 register finished
2025-12-10T16:10:18.017+08:00  INFO 93652 --- [user-service] [           main] o.s.cloud.commons.util.InetUtils         : Cannot determine local hostname
2025-12-10T16:10:18.031+08:00  INFO 93652 --- [user-service] [           main] com.shenzhewei.user.UserApplication      : Started UserApplication in 8.17 seconds (process running for 8.625)
2025-12-10T16:10:39.581+08:00  INFO 93652 --- [user-service] [nio-8081-exec-1] o.a.c.c.C.[Tomcat].[localhost].[/]       : Initializing Spring DispatcherServlet 'dispatcherServlet'
2025-12-10T16:10:39.581+08:00  INFO 93652 --- [user-service] [nio-8081-exec-1] o.s.web.servlet.DispatcherServlet        : Initializing Servlet 'dispatcherServlet'
2025-12-10T16:10:39.583+08:00  INFO 93652 --- [user-service] [nio-8081-exec-1] o.s.web.servlet.DispatcherServlet        : Completed initialization in 2 ms
2025-12-10T16:10:39.633+08:00  INFO 93652 --- [user-service] [nio-8081-exec-1] com.zaxxer.hikari.HikariDataSource       : HikariPool-1 - Starting...
2025-12-10T16:10:39.735+08:00  INFO 93652 --- [user-service] [nio-8081-exec-1] com.zaxxer.hikari.pool.HikariPool        : HikariPool-1 - Added connection com.mysql.cj.jdbc.ConnectionImpl@54ab9dae
2025-12-10T16:10:39.738+08:00  INFO 93652 --- [user-service] [nio-8081-exec-1] com.zaxxer.hikari.HikariDataSource       : HikariPool-1 - Start completed.
2025-12-10T16:13:44.043+08:00 DEBUG 93652 --- [user-service] [nio-8081-exec-4] c.s.user.mapper.UserMapper.findById      : ==>  Preparing: SELECT id, username, password, create_time FROM sys_user WHERE id = ?
2025-12-10T16:13:44.070+08:00 DEBUG 93652 --- [user-service] [nio-8081-exec-4] c.s.user.mapper.UserMapper.findById      : ==> Parameters: 1(Long)
2025-12-10T16:13:44.095+08:00 DEBUG 93652 --- [user-service] [nio-8081-exec-4] c.s.user.mapper.UserMapper.findById      : <==      Total: 1
2025-12-10T16:13:44.135+08:00 DEBUG 93652 --- [user-service] [nio-8081-exec-5] c.s.user.mapper.UserMapper.findById      : ==>  Preparing: SELECT id, username, password, create_time FROM sys_user WHERE id = ?
2025-12-10T16:13:44.136+08:00 DEBUG 93652 --- [user-service] [nio-8081-exec-5] c.s.user.mapper.UserMapper.findById      : ==> Parameters: 1(Long)
2025-12-10T16:13:44.138+08:00 DEBUG 93652 --- [user-service] [nio-8081-exec-5] c.s.user.mapper.UserMapper.findById      : <==      Total: 1
2025-12-10T16:23:24.394+08:00  WARN 93652 --- [user-service] [       Thread-5] c.a.nacos.common.notify.NotifyCenter     : [NotifyCenter] Start destroying Publisher
2025-12-10T16:23:24.395+08:00  WARN 93652 --- [user-service] [       Thread-8] c.a.n.common.http.HttpClientBeanHolder   : [HttpClientBeanHolder] Start destroying common HttpClient
2025-12-10T16:23:24.395+08:00  WARN 93652 --- [user-service] [       Thread-5] c.a.nacos.common.notify.NotifyCenter     : [NotifyCenter] Destruction of the end
2025-12-10T16:23:24.395+08:00  WARN 93652 --- [user-service] [       Thread-8] c.a.n.common.http.HttpClientBeanHolder   : [HttpClientBeanHolder] Destruction of the end
2025-12-10T16:23:24.404+08:00  INFO 93652 --- [user-service] [ionShutdownHook] c.a.c.n.registry.NacosServiceRegistry    : De-registering from Nacos Server now...
2025-12-10T16:23:24.407+08:00  INFO 93652 --- [user-service] [ionShutdownHook] com.alibaba.nacos.client.naming          : [DEREGISTER-SERVICE] public deregistering service user-service with instance: Instance{instanceId='null', ip='10.255.255.254', port=8081, weight=1.0, healthy=true, enabled=true, ephemeral=true, clusterName='DEFAULT', serviceName='null', metadata={}}
2025-12-10T16:23:24.413+08:00  INFO 93652 --- [user-service] [ionShutdownHook] c.a.c.n.registry.NacosServiceRegistry    : De-registration finished.
2025-12-10T16:23:24.414+08:00  INFO 93652 --- [user-service] [ionShutdownHook] com.alibaba.nacos.client.naming          : com.alibaba.nacos.client.naming.cache.ServiceInfoHolder do shutdown begin
2025-12-10T16:23:24.414+08:00  INFO 93652 --- [user-service] [ionShutdownHook] com.alibaba.nacos.client.naming          : com.alibaba.nacos.client.naming.backups.FailoverReactor do shutdown begin
2025-12-10T16:23:24.414+08:00  INFO 93652 --- [user-service] [ionShutdownHook] com.alibaba.nacos.client.naming          : com.alibaba.nacos.client.naming.backups.FailoverReactor do shutdown stop
2025-12-10T16:23:24.414+08:00  INFO 93652 --- [user-service] [ionShutdownHook] com.alibaba.nacos.client.naming          : com.alibaba.nacos.client.naming.cache.ServiceInfoHolder do shutdown stop
2025-12-10T16:23:24.414+08:00  INFO 93652 --- [user-service] [ionShutdownHook] com.alibaba.nacos.client.naming          : com.alibaba.nacos.client.naming.remote.NamingClientProxyDelegate do shutdown begin
2025-12-10T16:23:24.414+08:00  INFO 93652 --- [user-service] [ionShutdownHook] com.alibaba.nacos.client.naming          : com.alibaba.nacos.client.naming.core.ServiceInfoUpdateService do shutdown begin
2025-12-10T16:23:24.415+08:00  INFO 93652 --- [user-service] [ionShutdownHook] com.alibaba.nacos.client.naming          : com.alibaba.nacos.client.naming.core.ServiceInfoUpdateService do shutdown stop
2025-12-10T16:23:24.415+08:00  INFO 93652 --- [user-service] [ionShutdownHook] com.alibaba.nacos.client.naming          : com.alibaba.nacos.client.naming.core.ServerListManager do shutdown begin
2025-12-10T16:23:24.415+08:00  WARN 93652 --- [user-service] [ionShutdownHook] com.alibaba.nacos.client.naming          : [NamingHttpClientManager] Start destroying NacosRestTemplate
2025-12-10T16:23:24.415+08:00  WARN 93652 --- [user-service] [ionShutdownHook] com.alibaba.nacos.client.naming          : [NamingHttpClientManager] Destruction of the end
2025-12-10T16:23:24.415+08:00  INFO 93652 --- [user-service] [ionShutdownHook] com.alibaba.nacos.client.naming          : com.alibaba.nacos.client.naming.core.ServerListManager do shutdown stop
2025-12-10T16:23:24.415+08:00  INFO 93652 --- [user-service] [ionShutdownHook] com.alibaba.nacos.client.naming          : com.alibaba.nacos.client.naming.remote.http.NamingHttpClientProxy do shutdown begin
2025-12-10T16:23:24.415+08:00  WARN 93652 --- [user-service] [ionShutdownHook] com.alibaba.nacos.client.naming          : [NamingHttpClientManager] Start destroying NacosRestTemplate
2025-12-10T16:23:24.415+08:00  WARN 93652 --- [user-service] [ionShutdownHook] com.alibaba.nacos.client.naming          : [NamingHttpClientManager] Destruction of the end
2025-12-10T16:23:24.415+08:00  INFO 93652 --- [user-service] [ionShutdownHook] com.alibaba.nacos.client.naming          : com.alibaba.nacos.client.naming.remote.http.NamingHttpClientProxy do shutdown stop
2025-12-10T16:23:24.415+08:00  INFO 93652 --- [user-service] [ionShutdownHook] com.alibaba.nacos.client.naming          : Shutdown naming grpc client proxy for  uuid->4844d785-1104-4296-bc56-3ca43304e358
2025-12-10T16:23:24.415+08:00  INFO 93652 --- [user-service] [ionShutdownHook] com.alibaba.nacos.client.naming          : Shutdown grpc redo service executor java.util.concurrent.ScheduledThreadPoolExecutor@53079ae6[Running, pool size = 1, active threads = 0, queued tasks = 1, completed tasks = 262]
2025-12-10T16:23:24.415+08:00  INFO 93652 --- [user-service] [ionShutdownHook] com.alibaba.nacos.common.remote.client   : Shutdown rpc client, set status to shutdown
2025-12-10T16:23:24.415+08:00  INFO 93652 --- [user-service] [ionShutdownHook] com.alibaba.nacos.common.remote.client   : Shutdown client event executor java.util.concurrent.ScheduledThreadPoolExecutor@3bda1f0[Running, pool size = 2, active threads = 2, queued tasks = 0, completed tasks = 0]
2025-12-10T16:23:24.415+08:00  INFO 93652 --- [user-service] [ionShutdownHook] com.alibaba.nacos.common.remote.client   : Close current connection 1765354216889_172.21.0.1_53966
2025-12-10T16:23:24.417+08:00  INFO 93652 --- [user-service] [r-localhost-221] c.a.n.c.remote.client.grpc.GrpcClient    : [1765354216889_172.21.0.1_53966]Ignore complete event,isRunning:false,isAbandon=false
2025-12-10T16:23:24.419+08:00  INFO 93652 --- [user-service] [ionShutdownHook] c.a.n.c.remote.client.grpc.GrpcClient    : Shutdown grpc executor java.util.concurrent.ThreadPoolExecutor@1c421b0f[Running, pool size = 5, active threads = 0, queued tasks = 0, completed tasks = 222]
2025-12-10T16:23:24.419+08:00  INFO 93652 --- [user-service] [ionShutdownHook] com.alibaba.nacos.client.naming          : shutdown and remove naming rpc client  for uuid ->4844d785-1104-4296-bc56-3ca43304e358
2025-12-10T16:23:24.419+08:00  INFO 93652 --- [user-service] [ionShutdownHook] c.a.n.c.a.r.identify.CredentialWatcher   : [null] CredentialWatcher is stopped
2025-12-10T16:23:24.419+08:00  INFO 93652 --- [user-service] [ionShutdownHook] c.a.n.c.a.r.identify.CredentialService   : [null] CredentialService is freed
2025-12-10T16:23:24.419+08:00  INFO 93652 --- [user-service] [ionShutdownHook] com.alibaba.nacos.client.naming          : com.alibaba.nacos.client.naming.remote.NamingClientProxyDelegate do shutdown stop
2025-12-10T16:23:24.421+08:00  INFO 93652 --- [user-service] [ionShutdownHook] com.zaxxer.hikari.HikariDataSource       : HikariPool-1 - Shutdown initiated...
2025-12-10T16:23:24.426+08:00  INFO 93652 --- [user-service] [ionShutdownHook] com.zaxxer.hikari.HikariDataSource       : HikariPool-1 - Shutdown completed.
